Archive member included to satisfy reference by file (symbol)

d:/intelfpga_lite/16.1/nios2eds/bin/gnu/h-x86_64-mingw32/bin/../lib/gcc/nios2-elf/5.3.0/../../../../../H-x86_64-mingw32/nios2-elf/lib\libsmallc.a(lib_a-puts.o)
                              obj/default/hello_world.o (puts)
d:/intelfpga_lite/16.1/nios2eds/bin/gnu/h-x86_64-mingw32/bin/../lib/gcc/nios2-elf/5.3.0/../../../../../H-x86_64-mingw32/nios2-elf/lib\libsmallc.a(lib_a-strlen.o)
                              d:/intelfpga_lite/16.1/nios2eds/bin/gnu/h-x86_64-mingw32/bin/../lib/gcc/nios2-elf/5.3.0/../../../../../H-x86_64-mingw32/nios2-elf/lib\libsmallc.a(lib_a-puts.o) (strlen)
d:/intelfpga_lite/16.1/nios2eds/bin/gnu/h-x86_64-mingw32/bin/../lib/gcc/nios2-elf/5.3.0/../../../../../H-x86_64-mingw32/nios2-elf/lib\libsmallc.a(lib_a-fvwrite_small_dev.o)
                              d:/intelfpga_lite/16.1/nios2eds/bin/gnu/h-x86_64-mingw32/bin/../lib/gcc/nios2-elf/5.3.0/../../../../../H-x86_64-mingw32/nios2-elf/lib\libsmallc.a(lib_a-puts.o) (__sfvwrite_small_dev)
d:/intelfpga_lite/16.1/nios2eds/bin/gnu/h-x86_64-mingw32/bin/../lib/gcc/nios2-elf/5.3.0/../../../../../H-x86_64-mingw32/nios2-elf/lib\libsmallc.a(lib_a-impure.o)
                              d:/intelfpga_lite/16.1/nios2eds/bin/gnu/h-x86_64-mingw32/bin/../lib/gcc/nios2-elf/5.3.0/../../../../../H-x86_64-mingw32/nios2-elf/lib\libsmallc.a(lib_a-puts.o) (_impure_ptr)
d:/intelfpga_lite/16.1/nios2eds/bin/gnu/h-x86_64-mingw32/bin/../lib/gcc/nios2-elf/5.3.0/../../../../../H-x86_64-mingw32/nios2-elf/lib\libsmallc.a(lib_a-writer.o)
                              d:/intelfpga_lite/16.1/nios2eds/bin/gnu/h-x86_64-mingw32/bin/../lib/gcc/nios2-elf/5.3.0/../../../../../H-x86_64-mingw32/nios2-elf/lib\libsmallc.a(lib_a-fvwrite_small_dev.o) (_write_r)
d:/intelfpga_lite/16.1/nios2eds/bin/gnu/h-x86_64-mingw32/bin/../lib/gcc/nios2-elf/5.3.0/../../../../../H-x86_64-mingw32/nios2-elf/lib\libsmallc.a(lib_a-int_errno.o)
                              d:/intelfpga_lite/16.1/nios2eds/bin/gnu/h-x86_64-mingw32/bin/../lib/gcc/nios2-elf/5.3.0/../../../../../H-x86_64-mingw32/nios2-elf/lib\libsmallc.a(lib_a-writer.o) (errno)
../airhockey_bsp/\libhal_bsp.a(alt_load.o)
                              ../airhockey_bsp//obj/HAL/src/crt0.o (alt_load)
../airhockey_bsp/\libhal_bsp.a(alt_main.o)
                              ../airhockey_bsp//obj/HAL/src/crt0.o (alt_main)
../airhockey_bsp/\libhal_bsp.a(alt_write.o)
                              d:/intelfpga_lite/16.1/nios2eds/bin/gnu/h-x86_64-mingw32/bin/../lib/gcc/nios2-elf/5.3.0/../../../../../H-x86_64-mingw32/nios2-elf/lib\libsmallc.a(lib_a-writer.o) (write)
../airhockey_bsp/\libhal_bsp.a(alt_sys_init.o)
                              ../airhockey_bsp/\libhal_bsp.a(alt_main.o) (alt_irq_init)
../airhockey_bsp/\libhal_bsp.a(altera_avalon_i2c.o)
                              ../airhockey_bsp/\libhal_bsp.a(alt_sys_init.o) (alt_avalon_i2c_init)
../airhockey_bsp/\libhal_bsp.a(altera_avalon_jtag_uart_fd.o)
                              ../airhockey_bsp/\libhal_bsp.a(alt_sys_init.o) (altera_avalon_jtag_uart_read_fd)
../airhockey_bsp/\libhal_bsp.a(altera_avalon_jtag_uart_init.o)
                              ../airhockey_bsp/\libhal_bsp.a(alt_sys_init.o) (altera_avalon_jtag_uart_init)
../airhockey_bsp/\libhal_bsp.a(altera_avalon_jtag_uart_ioctl.o)
                              ../airhockey_bsp/\libhal_bsp.a(altera_avalon_jtag_uart_fd.o) (altera_avalon_jtag_uart_ioctl)
../airhockey_bsp/\libhal_bsp.a(altera_avalon_jtag_uart_read.o)
                              ../airhockey_bsp/\libhal_bsp.a(altera_avalon_jtag_uart_fd.o) (altera_avalon_jtag_uart_read)
../airhockey_bsp/\libhal_bsp.a(altera_avalon_jtag_uart_write.o)
                              ../airhockey_bsp/\libhal_bsp.a(altera_avalon_jtag_uart_fd.o) (altera_avalon_jtag_uart_write)
../airhockey_bsp/\libhal_bsp.a(alt_alarm_start.o)
                              ../airhockey_bsp/\libhal_bsp.a(altera_avalon_jtag_uart_init.o) (alt_alarm_start)
../airhockey_bsp/\libhal_bsp.a(alt_busy_sleep.o)
                              ../airhockey_bsp/\libhal_bsp.a(altera_avalon_i2c.o) (alt_busy_sleep)
../airhockey_bsp/\libhal_bsp.a(alt_close.o)
                              ../airhockey_bsp/\libhal_bsp.a(alt_main.o) (close)
../airhockey_bsp/\libhal_bsp.a(alt_dcache_flush_all.o)
                              ../airhockey_bsp/\libhal_bsp.a(alt_load.o) (alt_dcache_flush_all)
../airhockey_bsp/\libhal_bsp.a(alt_dev.o)
                              ../airhockey_bsp/\libhal_bsp.a(alt_sys_init.o) (alt_dev_list)
../airhockey_bsp/\libhal_bsp.a(alt_dev_llist_insert.o)
                              ../airhockey_bsp/\libhal_bsp.a(alt_sys_init.o) (alt_dev_llist_insert)
../airhockey_bsp/\libhal_bsp.a(alt_do_ctors.o)
                              ../airhockey_bsp/\libhal_bsp.a(alt_main.o) (_do_ctors)
../airhockey_bsp/\libhal_bsp.a(alt_do_dtors.o)
                              ../airhockey_bsp/\libhal_bsp.a(alt_main.o) (_do_dtors)
../airhockey_bsp/\libhal_bsp.a(alt_errno.o)
[...]
Memory Configuration

Name             Origin             Length             Attributes
reset            0x0000000000041000 0x0000000000000020
onchip_memory2_0 0x0000000000041020 0x0000000000000fe0
*default*        0x0000000000000000 0xffffffffffffffff

Linker script and memory map

LOAD ../airhockey_bsp//obj/HAL/src/crt0.o
LOAD obj/default/hello_world.o
LOAD d:/intelfpga_lite/16.1/nios2eds/bin/gnu/h-x86_64-mingw32/bin/../lib/gcc/nios2-elf/5.3.0/../../../../../H-x86_64-mingw32/nios2-elf/lib\libstdc++.a
LOAD d:/intelfpga_lite/16.1/nios2eds/bin/gnu/h-x86_64-mingw32/bin/../lib/gcc/nios2-elf/5.3.0/../../../../../H-x86_64-mingw32/nios2-elf/lib\libm.a
LOAD d:/intelfpga_lite/16.1/nios2eds/bin/gnu/h-x86_64-mingw32/bin/../lib/gcc/nios2-elf/5.3.0\libgcc.a
START GROUP
LOAD d:/intelfpga_lite/16.1/nios2eds/bin/gnu/h-x86_64-mingw32/bin/../lib/gcc/nios2-elf/5.3.0/../../../../../H-x86_64-mingw32/nios2-elf/lib\libsmallc.a
LOAD d:/intelfpga_lite/16.1/nios2eds/bin/gnu/h-x86_64-mingw32/bin/../lib/gcc/nios2-elf/5.3.0\libgcc.a
LOAD ../airhockey_bsp/\libhal_bsp.a
LOAD d:/intelfpga_lite/16.1/nios2eds/bin/gnu/h-x86_64-mingw32/bin/../lib/gcc/nios2-elf/5.3.0/../../../../../H-x86_64-mingw32/nios2-elf/lib\libm.a
END GROUP
LOAD d:/intelfpga_lite/16.1/nios2eds/bin/gnu/h-x86_64-mingw32/bin/../lib/gcc/nios2-elf/5.3.0\libgcc.a
                0x0000000000041000                __alt_mem_onchip_memory2_0 = 0x41000

.entry          0x0000000000041000       0x20
 *(.entry)
 .entry         0x0000000000041000       0x20 ../airhockey_bsp//obj/HAL/src/crt0.o
                0x0000000000041000                __reset

.exceptions     0x0000000000041020      0x1a0
                0x0000000000041020                PROVIDE (__ram_exceptions_start, ABSOLUTE (.))
                0x0000000000041020                . = ALIGN (0x20)
 *(.irq)
 *(.exceptions.entry.label)
 .exceptions.entry.label
                0x0000000000041020        0x0 ../airhockey_bsp/\libhal_bsp.a(alt_irq_entry.o)
                0x0000000000041020                alt_irq_entry
 .exceptions.entry.label
                0x0000000000041020        0x0 ../airhockey_bsp/\libhal_bsp.a(alt_exception_entry.o)
                0x0000000000041020                alt_exception
 *(.exceptions.entry.user)
 *(.exceptions.entry.ecc_fatal)
 *(.exceptions.entry)
 .exceptions.entry
                0x0000000000041020       0x54 ../airhockey_bsp/\libhal_bsp.a(alt_exception_entry.o)
 *(.exceptions.irqtest.user)
 *(.exceptions.irqtest)
 .exceptions.irqtest
                0x0000000000041074       0x10 ../airhockey_bsp/\libhal_bsp.a(alt_irq_entry.o)
 *(.exceptions.irqhandler.user)
 *(.exceptions.irqhandler)
 .exceptions.irqhandler
                0x0000000000041084        0x4 ../airhockey_bsp/\libhal_bsp.a(alt_irq_entry.o)
 *(.exceptions.irqreturn.user)
 *(.exceptions.irqreturn)
 .exceptions.irqreturn
                0x0000000000041088        0x4 ../airhockey_bsp/\libhal_bsp.a(alt_irq_entry.o)
 *(.exceptions.notirq.label)
 .exceptions.notirq.label
                0x000000000004108c        0x0 ../airhockey_bsp/\libhal_bsp.a(alt_irq_entry.o)
 *(.exceptions.notirq.user)
 *(.exceptions.notirq)
 .exceptions.notirq
                0x000000000004108c        0x8 ../airhockey_bsp/\libhal_bsp.a(alt_exception_entry.o)
 *(.exceptions.soft.user)
 *(.exceptions.soft)
 *(.exceptions.unknown.user)
 *(.exceptions.unknown)
 .exceptions.unknown
                0x0000000000041094        0x4 ../airhockey_bsp/\libhal_bsp.a(alt_exception_entry.o)
 *(.exceptions.exit.label)
 .exceptions.exit.label
                0x0000000000041098        0x0 ../airhockey_bsp/\libhal_bsp.a(alt_irq_entry.o)
 .exceptions.exit.label
                0x0000000000041098        0x0 ../airhockey_bsp/\libhal_bsp.a(alt_exception_entry.o)
 *(.exceptions.exit.user)
 *(.exceptions.exit)
 .exceptions.exit
                0x0000000000041098       0x54 ../airhockey_bsp/\libhal_bsp.a(alt_exception_entry.o)
 *(.exceptions)
 .exceptions    0x00000000000410ec       0xd4 ../airhockey_bsp/\libhal_bsp.a(alt_irq_handler.o)
                0x00000000000410ec                alt_irq_handler
                0x00000000000411c0                PROVIDE (__ram_exceptions_end, ABSOLUTE (.))
                0x0000000000041020                PROVIDE (__flash_exceptions_start, LOADADDR (.exceptions))

.text           0x00000000000411c0     0x433c
                [!provide]                        PROVIDE (stext, ABSOLUTE (.))
 *(.interp)
 *(.hash)
 *(.dynsym)
 *(.dynstr)
 *(.gnu.version)
 *(.gnu.version_d)
 *(.gnu.version_r)
 *(.rel.init)
 *(.rela.init)
 *(.rel.text .rel.text.* .rel.gnu.linkonce.t.*)
 *(.rela.text .rela.text.* .rela.gnu.linkonce.t.*)
 *(.rel.fini)
 *(.rela.fini)
 *(.rel.rodata .rel.rodata.* .rel.gnu.linkonce.r.*)
 *(.rela.rodata .rela.rodata.* .rela.gnu.linkonce.r.*)
 *(.rel.data .rel.data.* .rel.gnu.linkonce.d.*)
 *(.rela.data .rela.data.* .rela.gnu.linkonce.d.*)
 *(.rel.tdata .rel.tdata.* .rel.gnu.linkonce.td.*)
 *(.rela.tdata .rela.tdata.* .rela.gnu.linkonce.td.*)
 *(.rel.tbss .rel.tbss.* .rel.gnu.linkonce.tb.*)
 *(.rela.tbss .rela.tbss.* .rela.gnu.linkonce.tb.*)
 *(.rel.ctors)
 *(.rela.ctors)
 *(.rel.dtors)
 *(.rela.dtors)
 *(.rel.got)
 *(.rela.got)
 *(.rel.sdata .rel.sdata.* .rel.gnu.linkonce.s.*)
 *(.rela.sdata .rela.sdata.* .rela.gnu.linkonce.s.*)
 *(.rel.sbss .rel.sbss.* .rel.gnu.linkonce.sb.*)
 *(.rela.sbss .rela.sbss.* .rela.gnu.linkonce.sb.*)
 *(.rel.sdata2 .rel.sdata2.* .rel.gnu.linkonce.s2.*)
 *(.rela.sdata2 .rela.sdata2.* .rela.gnu.linkonce.s2.*)
 *(.rel.sbss2 .rel.sbss2.* .rel.gnu.linkonce.sb2.*)
 *(.rela.sbss2 .rela.sbss2.* .rela.gnu.linkonce.sb2.*)
 *(.rel.bss .rel.bss.* .rel.gnu.linkonce.b.*)
 *(.rela.bss .rela.bss.* .rela.gnu.linkonce.b.*)
 *(.rel.plt)
 *(.rela.plt)
 *(.rel.dyn)
 *(.init)
 *(.plt)
 *(.text .stub .text.* .gnu.linkonce.t.*)
 .text          0x00000000000411c0       0x3c ../airhockey_bsp//obj/HAL/src/crt0.o
                0x00000000000411c0                _start
 .text          0x00000000000411fc       0x34 obj/default/hello_world.o
                0x00000000000411fc                main
 .text          0x0000000000041230        0x0 d:/intelfpga_lite/16.1/nios2eds/bin/gnu/h-x86_64-mingw32/bin/../lib/gcc/nios2-elf/5.3.0/../../../../../H-x86_64-mingw32/nios2-elf/lib\libsmallc.a(lib_a-puts.o)
 .text._puts_r  0x0000000000041230       0x80 d:/intelfpga_lite/16.1/nios2eds/bin/gnu/h-x86_64-mingw32/bin/../lib/gcc/nios2-elf/5.3.0/../../../../../H-x86_64-mingw32/nios2-elf/lib\libsmallc.a(lib_a-puts.o)
                0x0000000000041230                _puts_r
 .text.puts     0x00000000000412b0       0x14 d:/intelfpga_lite/16.1/nios2eds/bin/gnu/h-x86_64-mingw32/bin/../lib/gcc/nios2-elf/5.3.0/../../../../../H-x86_64-mingw32/nios2-elf/lib\libsmallc.a(lib_a-puts.o)
                0x00000000000412b0                puts
 .text          0x00000000000412c4        0x0 d:/intelfpga_lite/16.1/nios2eds/bin/gnu/h-x86_64-mingw32/bin/../lib/gcc/nios2-elf/5.3.0/../../../../../H-x86_64-mingw32/nios2-elf/lib\libsmallc.a(lib_a-strlen.o)
 .text.strlen   0x00000000000412c4       0x1c d:/intelfpga_lite/16.1/nios2eds/bin/gnu/h-x86_64-mingw32/bin/../lib/gcc/nios2-elf/5.3.0/../../../../../H-x86_64-mingw32/nios2-elf/lib\libsmallc.a(lib_a-strlen.o)
                0x00000000000412c4                strlen
 .text          0x00000000000412e0        0x0 d:/intelfpga_lite/16.1/nios2eds/bin/gnu/h-x86_64-mingw32/bin/../lib/gcc/nios2-elf/5.3.0/../../../../../H-x86_64-mingw32/nios2-elf/lib\libsmallc.a(lib_a-fvwrite_small_dev.o)
 .text.__sfvwrite_small_dev
                0x00000000000412e0       0xb8 d:/intelfpga_lite/16.1/nios2eds/bin/gnu/h-x86_64-mingw32/bin/../lib/gcc/nios2-elf/5.3.0/../../../../../H-x86_64-mingw32/nios2-elf/lib\libsmallc.a(lib_a-fvwrite_small_dev.o)
                0x00000000000412e0                __sfvwrite_small_dev
 .text          0x0000000000041398        0x0 d:/intelfpga_lite/16.1/nios2eds/bin/gnu/h-x86_64-mingw32/bin/../lib/gcc/nios2-elf/5.3.0/../../../../../H-x86_64-mingw32/nios2-elf/lib\libsmallc.a(lib_a-impure.o)
 .text          0x0000000000041398        0x0 d:/intelfpga_lite/16.1/nios2eds/bin/gnu/h-x86_64-mingw32/bin/../lib/gcc/nios2-elf/5.3.0/../../../../../H-x86_64-mingw32/nios2-elf/lib\libsmallc.a(lib_a-writer.o)
 .text._write_r
                0x0000000000041398       0x58 d:/intelfpga_lite/16.1/nios2eds/bin/gnu/h-x86_64-mingw32/bin/../lib/gcc/nios2-elf/5.3.0/../../../../../H-x86_64-mingw32/nios2-elf/lib\libsmallc.a(lib_a-writer.o)
                0x0000000000041398                _write_r
 .text          0x00000000000413f0        0x0 d:/intelfpga_lite/16.1/nios2eds/bin/gnu/h-x86_64-mingw32/bin/../lib/gcc/nios2-elf/5.3.0/../../../../../H-x86_64-mingw32/nios2-elf/lib\libsmallc.a(lib_a-int_errno.o)
 .text          0x00000000000413f0       0xec ../airhockey_bsp/\libhal_bsp.a(alt_load.o)
                0x0000000000041458                alt_load
 .text          0x00000000000414dc       0x7c ../airhockey_bsp/\libhal_bsp.a(alt_main.o)
                0x00000000000414dc                alt_main
 .text          0x0000000000041558      0x134 ../airhockey_bsp/\libhal_bsp.a(alt_write.o)
                0x0000000000041594                write
 .text          0x000000000004168c       0xc0 ../airhockey_bsp/\libhal_bsp.a(alt_sys_init.o)
                0x00000000000416c0                alt_irq_init
                0x00000000000416f8                alt_sys_init
 .text          0x000000000004174c     0x1be0 ../airhockey_bsp/\libhal_bsp.a(altera_avalon_i2c.o)
                0x000000000004185c                alt_avalon_i2c_register_optional_irq_handler
                0x0000000000041948                alt_avalon_i2c_register_callback
                0x000000000004199c                alt_avalon_i2c_init
                0x0000000000041a88                alt_avalon_i2c_open
                0x0000000000041ac8                alt_avalon_i2c_enable
                0x0000000000041b60                alt_avalon_i2c_disable
                0x0000000000041bac                alt_avalon_i2c_master_config_get
                0x0000000000041c5c                alt_avalon_i2c_master_config_set
                0x0000000000041d28                alt_avalon_i2c_master_config_speed_get
                0x0000000000041dac                alt_avalon_i2c_master_config_speed_set
                0x0000000000041e98                alt_avalon_i2c_is_busy
                0x0000000000041edc                alt_avalon_i2c_rx_read_available
                0x0000000000041f84                alt_avalon_i2c_rx_read
                0x000000000004202c                alt_avalon_i2c_cmd_write
                0x0000000000042110                alt_avalon_i2c_send_address
                0x0000000000042200                alt_avalon_i2c_master_target_get
                0x0000000000042238                alt_avalon_i2c_master_target_set
                0x000000000004226c                alt_avalon_i2c_check_nack
                0x00000000000422b8                alt_avalon_i2c_check_arblost
                0x0000000000042304                alt_avalon_i2c_interrupt_transaction_status
                0x0000000000042438                alt_avalon_i2c_master_tx
                0x0000000000042520                alt_avalon_i2c_master_rx
                0x000000000004265c                alt_avalon_i2c_master_tx_rx
                0x0000000000042824                alt_avalon_i2c_master_transmit
                0x00000000000429e0                alt_avalon_i2c_master_transmit_using_interrupts
                0x0000000000042be8                alt_avalon_i2c_master_receive
                0x0000000000042df4                alt_avalon_i2c_master_receive_using_interrupts
                0x0000000000042fe0                alt_avalon_i2c_int_status_get
                0x0000000000043038                alt_avalon_i2c_int_raw_status_get
                0x000000000004307c                alt_avalon_i2c_int_clear
                0x00000000000430b8                alt_avalon_i2c_int_disable
                0x0000000000043120                alt_avalon_i2c_int_enable
                0x0000000000043184                alt_avalon_i2c_enabled_ints_get
                0x00000000000431c8                alt_avalon_i2c_rx_fifo_threshold_get
                0x0000000000043214                alt_avalon_i2c_rx_fifo_threshold_set
                0x0000000000043278                alt_avalon_i2c_tfr_cmd_fifo_threshold_get
                0x00000000000432c4                alt_avalon_i2c_tfr_cmd_fifo_threshold_set
 .text          0x000000000004332c      0x164 ../airhockey_bsp/\libhal_bsp.a(altera_avalon_jtag_uart_fd.o)
                0x000000000004332c                altera_avalon_jtag_uart_read_fd
                0x000000000004338c                altera_avalon_jtag_uart_write_fd
                0x00000000000433ec                altera_avalon_jtag_uart_close_fd
                0x000000000004343c                altera_avalon_jtag_uart_ioctl_fd
 .text          0x0000000000043490      0x3d4 ../airhockey_bsp/\libhal_bsp.a(altera_avalon_jtag_uart_init.o)
                0x0000000000043490                altera_avalon_jtag_uart_init
                0x00000000000437fc                altera_avalon_jtag_uart_close
 .text          0x0000000000043864       0xf0 ../airhockey_bsp/\libhal_bsp.a(altera_avalon_jtag_uart_ioctl.o)
                0x0000000000043864                altera_avalon_jtag_uart_ioctl
 .text          0x0000000000043954      0x21c ../airhockey_bsp/\libhal_bsp.a(altera_avalon_jtag_uart_read.o)
                0x0000000000043954                altera_avalon_jtag_uart_read
 .text          0x0000000000043b70      0x224 ../airhockey_bsp/\libhal_bsp.a(altera_avalon_jtag_uart_write.o)
                0x0000000000043b70                altera_avalon_jtag_uart_write
 .text          0x0000000000043d94      0x12c ../airhockey_bsp/\libhal_bsp.a(alt_alarm_start.o)
                0x0000000000043d94                alt_alarm_start
 .text          0x0000000000043ec0      0x128 ../airhockey_bsp/\libhal_bsp.a(alt_busy_sleep.o)
                0x0000000000043ec0                alt_busy_sleep
 .text          0x0000000000043fe8      0x10c ../airhockey_bsp/\libhal_bsp.a(alt_close.o)
                0x0000000000044024                close
 .text          0x00000000000440f4       0x20 ../airhockey_bsp/\libhal_bsp.a(alt_dcache_flush_all.o)
                0x00000000000440f4                alt_dcache_flush_all
 .text          0x0000000000044114       0x2c ../airhockey_bsp/\libhal_bsp.a(alt_dev.o)
 .text          0x0000000000044140       0xe0 ../airhockey_bsp/\libhal_bsp.a(alt_dev_llist_insert.o)
                0x000000000004417c                alt_dev_llist_insert
 .text          0x0000000000044220       0x60 ../airhockey_bsp/\libhal_bsp.a(alt_do_ctors.o)
                0x0000000000044220                _do_ctors
 .text          0x0000000000044280       0x60 ../airhockey_bsp/\libhal_bsp.a(alt_do_dtors.o)
                0x0000000000044280                _do_dtors
 .text          0x00000000000442e0        0x0 ../airhockey_bsp/\libhal_bsp.a(alt_errno.o)
 .text          0x00000000000442e0       0x90 ../airhockey_bsp/\libhal_bsp.a(alt_find_dev.o)
                0x00000000000442e0                alt_find_dev
 .text          0x0000000000044370       0x34 ../airhockey_bsp/\libhal_bsp.a(alt_icache_flush_all.o)
                0x0000000000044370                alt_icache_flush_all
 .text          0x00000000000443a4      0x1b0 ../airhockey_bsp/\libhal_bsp.a(alt_iic.o)
                0x00000000000443a4                alt_ic_isr_register
                0x00000000000443f4                alt_ic_irq_enable
                0x000000000004447c                alt_ic_irq_disable
                0x0000000000044508                alt_ic_irq_enabled
 .text          0x0000000000044554       0xf0 ../airhockey_bsp/\libhal_bsp.a(alt_iic_isr_register.o)
                0x0000000000044554                alt_iic_isr_register
 .text          0x0000000000044644      0x140 ../airhockey_bsp/\libhal_bsp.a(alt_io_redirect.o)
                0x0000000000044708                alt_io_redirect
 .text          0x0000000000044784        0x0 ../airhockey_bsp/\libhal_bsp.a(alt_irq_entry.o)
 .text          0x0000000000044784        0x0 ../airhockey_bsp/\libhal_bsp.a(alt_irq_handler.o)
 .text          0x0000000000044784        0x0 ../airhockey_bsp/\libhal_bsp.a(alt_irq_vars.o)
 .text          0x0000000000044784      0x254 ../airhockey_bsp/\libhal_bsp.a(alt_open.o)
                0x0000000000044884                open
 .text          0x00000000000449d8      0x22c ../airhockey_bsp/\libhal_bsp.a(alt_printf.o)
                0x00000000000449d8                alt_printf
 .text          0x0000000000044c04       0x3c ../airhockey_bsp/\libhal_bsp.a(alt_putchar.o)
                0x0000000000044c04                alt_putchar
 .text          0x0000000000044c40       0x64 ../airhockey_bsp/\libhal_bsp.a(alt_release_fd.o)
                0x0000000000044c40                alt_release_fd
 .text          0x0000000000044ca4      0x1a4 ../airhockey_bsp/\libhal_bsp.a(alt_tick.o)
                0x0000000000044ca4                alt_alarm_stop
                0x0000000000044d40                alt_tick
 .text          0x0000000000044e48       0x24 ../airhockey_bsp/\libhal_bsp.a(altera_nios2_qsys_irq.o)
                0x0000000000044e48                altera_nios2_qsys_irq_init
 .text          0x0000000000044e6c        0x0 ../airhockey_bsp/\libhal_bsp.a(alt_exception_entry.o)
 .text          0x0000000000044e6c      0x108 ../airhockey_bsp/\libhal_bsp.a(alt_find_file.o)
                0x0000000000044e6c                alt_find_file
 .text          0x0000000000044f74       0xa4 ../airhockey_bsp/\libhal_bsp.a(alt_get_fd.o)
                0x0000000000044f74                alt_get_fd
 .text          0x0000000000045018       0x90 ../airhockey_bsp/\libhal_bsp.a(alt_icache_flush.o)
                0x0000000000045018                alt_icache_flush
 .text          0x00000000000450a8        0x0 d:/intelfpga_lite/16.1/nios2eds/bin/gnu/h-x86_64-mingw32/bin/../lib/gcc/nios2-elf/5.3.0/../../../../../H-x86_64-mingw32/nios2-elf/lib\libsmallc.a(lib_a-atexit.o)
 .text.atexit   0x00000000000450a8       0x14 d:/intelfpga_lite/16.1/nios2eds/bin/gnu/h-x86_64-mingw32/bin/../lib/gcc/nios2-elf/5.3.0/../../../../../H-x86_64-mingw32/nios2-elf/lib\libsmallc.a(lib_a-atexit.o)
                0x00000000000450a8                atexit
 .text          0x00000000000450bc        0x0 d:/intelfpga_lite/16.1/nios2eds/bin/gnu/h-x86_64-mingw32/bin/../lib/gcc/nios2-elf/5.3.0/../../../../../H-x86_64-mingw32/nios2-elf/lib\libsmallc.a(lib_a-exit.o)
 .text.exit     0x00000000000450bc       0x20 d:/intelfpga_lite/16.1/nios2eds/bin/gnu/h-x86_64-mingw32/bin/../lib/gcc/nios2-elf/5.3.0/../../../../../H-x86_64-mingw32/nios2-elf/lib\libsmallc.a(lib_a-exit.o)
                0x00000000000450bc                exit
 .text          0x00000000000450dc        0x0 d:/intelfpga_lite/16.1/nios2eds/bin/gnu/h-x86_64-mingw32/bin/../lib/gcc/nios2-elf/5.3.0/../../../../../H-x86_64-mingw32/nios2-elf/lib\libsmallc.a(lib_a-memcmp.o)
 .text.memcmp   0x00000000000450dc       0x30 d:/intelfpga_lite/16.1/nios2eds/bin/gnu/h-x86_64-mingw32/bin/../lib/gcc/nios2-elf/5.3.0/../../../../../H-x86_64-mingw32/nios2-elf/lib\libsmallc.a(lib_a-memcmp.o)
                0x00000000000450dc                memcmp
 .text          0x000000000004510c        0x0 d:/intelfpga_lite/16.1/nios2eds/bin/gnu/h-x86_64-mingw32/bin/../lib/gcc/nios2-elf/5.3.0/../../../../../H-x86_64-mingw32/nios2-elf/lib\libsmallc.a(lib_a-memcpy.o)
 .text.memcpy   0x000000000004510c       0x28 d:/intelfpga_lite/16.1/nios2eds/bin/gnu/h-x86_64-mingw32/bin/../lib/gcc/nios2-elf/5.3.0/../../../../../H-x86_64-mingw32/nios2-elf/lib\libsmallc.a(lib_a-memcpy.o)
                0x000000000004510c                memcpy
 .text          0x0000000000045134        0x0 d:/intelfpga_lite/16.1/nios2eds/bin/gnu/h-x86_64-mingw32/bin/../lib/gcc/nios2-elf/5.3.0/../../../../../H-x86_64-mingw32/nios2-elf/lib\libsmallc.a(lib_a-putc.o)
 .text.putc     0x0000000000045134       0x54 d:/intelfpga_lite/16.1/nios2eds/bin/gnu/h-x86_64-mingw32/bin/../lib/gcc/nios2-elf/5.3.0/../../../../../H-x86_64-mingw32/nios2-elf/lib\libsmallc.a(lib_a-putc.o)
                0x0000000000045134                putc
 .text._putc_r  0x0000000000045188       0x58 d:/intelfpga_lite/16.1/nios2eds/bin/gnu/h-x86_64-mingw32/bin/../lib/gcc/nios2-elf/5.3.0/../../../../../H-x86_64-mingw32/nios2-elf/lib\libsmallc.a(lib_a-putc.o)
                0x0000000000045188                _putc_r
 .text          0x00000000000451e0        0x0 d:/intelfpga_lite/16.1/nios2eds/bin/gnu/h-x86_64-mingw32/bin/../lib/gcc/nios2-elf/5.3.0/../../../../../H-x86_64-mingw32/nios2-elf/lib\libsmallc.a(lib_a-__atexit.o)
 .text.__register_exitproc
                0x00000000000451e0      0x158 d:/intelfpga_lite/16.1/nios2eds/bin/gnu/h-x86_64-mingw32/bin/../lib/gcc/nios2-elf/5.3.0/../../../../../H-x86_64-mingw32/nios2-elf/lib\libsmallc.a(lib_a-__atexit.o)
                0x00000000000451e0                __register_exitproc
 .text          0x0000000000045338        0x0 d:/intelfpga_lite/16.1/nios2eds/bin/gnu/h-x86_64-mingw32/bin/../lib/gcc/nios2-elf/5.3.0/../../../../../H-x86_64-mingw32/nios2-elf/lib\libsmallc.a(lib_a-__call_atexit.o)
 .text.__call_exitprocs
                0x0000000000045338      0x190 d:/intelfpga_lite/16.1/nios2eds/bin/gnu/h-x86_64-mingw32/bin/../lib/gcc/nios2-elf/5.3.0/../../../../../H-x86_64-mingw32/nios2-elf/lib\libsmallc.a(lib_a-__call_atexit.o)
                0x0000000000045338                __call_exitprocs
 .text          0x00000000000454c8       0x34 ../airhockey_bsp/\libhal_bsp.a(alt_exit.o)
                0x00000000000454c8                _exit
 *(.gnu.warning.*)
 *(.fini)
                [!provide]                        PROVIDE (__etext, ABSOLUTE (.))
                [!provide]                        PROVIDE (_etext, ABSOLUTE (.))
                [!provide]                        PROVIDE (etext, ABSOLUTE (.))
 *(.eh_frame_hdr)
                0x00000000000454fc                . = ALIGN (0x4)
                [!provide]                        PROVIDE (__preinit_array_start, ABSOLUTE (.))
 *(.preinit_array)
                [!provide]                        PROVIDE (__preinit_array_end, ABSOLUTE (.))
                [!provide]                        PROVIDE (__init_array_start, ABSOLUTE (.))
 *(.init_array)
                [!provide]                        PROVIDE (__init_array_end, ABSOLUTE (.))
                [!provide]                        PROVIDE (__fini_array_start, ABSOLUTE (.))
 *(.fini_array)
                [!provide]                        PROVIDE (__fini_array_end, ABSOLUTE (.))
 *(.eh_frame)
 *(.gcc_except_table .gcc_except_table.*)
 *(.dynamic)
                0x00000000000454fc                PROVIDE (__CTOR_LIST__, ABSOLUTE (.))
 *(.ctors)
 *(SORT(.ctors.*))
                0x00000000000454fc                PROVIDE (__CTOR_END__, ABSOLUTE (.))
                0x00000000000454fc                PROVIDE (__DTOR_LIST__, ABSOLUTE (.))
 *(.dtors)
 *(SORT(.dtors.*))
                0x00000000000454fc                PROVIDE (__DTOR_END__, ABSOLUTE (.))
 *(.jcr)
                0x00000000000454fc                . = ALIGN (0x4)

.rodata         0x00000000000454fc       0x78
                0x00000000000454fc                PROVIDE (__ram_rodata_start, ABSOLUTE (.))
                0x00000000000454fc                . = ALIGN (0x4)
 *(.rodata .rodata.* .gnu.linkonce.r.*)
 .rodata        0x00000000000454fc       0x14 obj/default/hello_world.o
 .rodata.str1.4
                0x0000000000045510        0x4 d:/intelfpga_lite/16.1/nios2eds/bin/gnu/h-x86_64-mingw32/bin/../lib/gcc/nios2-elf/5.3.0/../../../../../H-x86_64-mingw32/nios2-elf/lib\libsmallc.a(lib_a-puts.o)
                                          0x2 (size before relaxing)
 .rodata        0x0000000000045514       0x11 ../airhockey_bsp/\libhal_bsp.a(alt_main.o)
 *fill*         0x0000000000045525        0x3 
 .rodata        0x0000000000045528       0x1d ../airhockey_bsp/\libhal_bsp.a(alt_sys_init.o)
 *fill*         0x0000000000045545        0x3 
 .rodata        0x0000000000045548       0x1d ../airhockey_bsp/\libhal_bsp.a(altera_avalon_i2c.o)
 *fill*         0x0000000000045565        0x3 
 .rodata        0x0000000000045568        0xa ../airhockey_bsp/\libhal_bsp.a(alt_dev.o)
 *(.rodata1)
                0x0000000000045574                . = ALIGN (0x4)
 *fill*         0x0000000000045572        0x2 
                0x0000000000045574                PROVIDE (__ram_rodata_end, ABSOLUTE (.))
                0x00000000000454fc                PROVIDE (__flash_rodata_start, LOADADDR (.rodata))

.rwdata         0x0000000000045574     0x1354 load address 0x00000000000468c8
                0x0000000000045574                PROVIDE (__ram_rwdata_start, ABSOLUTE (.))
                0x0000000000045574                . = ALIGN (0x4)
 *(.got.plt)
 *(.got)
 *(.data1)
 *(.data .data.* .gnu.linkonce.d.*)
 .data          0x0000000000045574        0x0 ../airhockey_bsp//obj/HAL/src/crt0.o
 .data          0x0000000000045574        0x0 obj/default/hello_world.o
 .data          0x0000000000045574        0x0 d:/intelfpga_lite/16.1/nios2eds/bin/gnu/h-x86_64-mingw32/bin/../lib/gcc/nios2-elf/5.3.0/../../../../../H-x86_64-mingw32/nios2-elf/lib\libsmallc.a(lib_a-puts.o)
 .data          0x0000000000045574        0x0 d:/intelfpga_lite/16.1/nios2eds/bin/gnu/h-x86_64-mingw32/bin/../lib/gcc/nios2-elf/5.3.0/../../../../../H-x86_64-mingw32/nios2-elf/lib\libsmallc.a(lib_a-strlen.o)
 .data          0x0000000000045574        0x0 d:/intelfpga_lite/16.1/nios2eds/bin/gnu/h-x86_64-mingw32/bin/../lib/gcc/nios2-elf/5.3.0/../../../../../H-x86_64-mingw32/nios2-elf/lib\libsmallc.a(lib_a-fvwrite_small_dev.o)
 .data          0x0000000000045574        0x0 d:/intelfpga_lite/16.1/nios2eds/bin/gnu/h-x86_64-mingw32/bin/../lib/gcc/nios2-elf/5.3.0/../../../../../H-x86_64-mingw32/nios2-elf/lib\libsmallc.a(lib_a-impure.o)
 .data.impure_data
                0x0000000000045574       0xe0 d:/intelfpga_lite/16.1/nios2eds/bin/gnu/h-x86_64-mingw32/bin/../lib/gcc/nios2-elf/5.3.0/../../../../../H-x86_64-mingw32/nios2-elf/lib\libsmallc.a(lib_a-impure.o)
 .data          0x0000000000045654        0x0 d:/intelfpga_lite/16.1/nios2eds/bin/gnu/h-x86_64-mingw32/bin/../lib/gcc/nios2-elf/5.3.0/../../../../../H-x86_64-mingw32/nios2-elf/lib\libsmallc.a(lib_a-writer.o)
 .data          0x0000000000045654        0x0 d:/intelfpga_lite/16.1/nios2eds/bin/gnu/h-x86_64-mingw32/bin/../lib/gcc/nios2-elf/5.3.0/../../../../../H-x86_64-mingw32/nios2-elf/lib\libsmallc.a(lib_a-int_errno.o)
 .data          0x0000000000045654        0x0 ../airhockey_bsp/\libhal_bsp.a(alt_load.o)
 .data          0x0000000000045654        0x0 ../airhockey_bsp/\libhal_bsp.a(alt_main.o)
 .data          0x0000000000045654        0x0 ../airhockey_bsp/\libhal_bsp.a(alt_write.o)
 .data          0x0000000000045654     0x1098 ../airhockey_bsp/\libhal_bsp.a(alt_sys_init.o)
 .data          0x00000000000466ec        0x0 ../airhockey_bsp/\libhal_bsp.a(altera_avalon_i2c.o)
 .data          0x00000000000466ec        0x0 ../airhockey_bsp/\libhal_bsp.a(altera_avalon_jtag_uart_fd.o)
 .data          0x00000000000466ec        0x0 ../airhockey_bsp/\libhal_bsp.a(altera_avalon_jtag_uart_init.o)
 .data          0x00000000000466ec        0x0 ../airhockey_bsp/\libhal_bsp.a(altera_avalon_jtag_uart_ioctl.o)
 .data          0x00000000000466ec        0x0 ../airhockey_bsp/\libhal_bsp.a(altera_avalon_jtag_uart_read.o)
 .data          0x00000000000466ec        0x0 ../airhockey_bsp/\libhal_bsp.a(altera_avalon_jtag_uart_write.o)
 .data          0x00000000000466ec        0x0 ../airhockey_bsp/\libhal_bsp.a(alt_alarm_start.o)
 .data          0x00000000000466ec        0x0 ../airhockey_bsp/\libhal_bsp.a(alt_busy_sleep.o)
 .data          0x00000000000466ec        0x0 ../airhockey_bsp/\libhal_bsp.a(alt_close.o)
 .data          0x00000000000466ec        0x0 ../airhockey_bsp/\libhal_bsp.a(alt_dcache_flush_all.o)
 .data          0x00000000000466ec      0x1a8 ../airhockey_bsp/\libhal_bsp.a(alt_dev.o)
                0x00000000000466ec                alt_dev_null
                0x0000000000046714                alt_fd_list
 .data          0x0000000000046894        0x0 ../airhockey_bsp/\libhal_bsp.a(alt_dev_llist_insert.o)
 .data          0x0000000000046894        0x0 ../airhockey_bsp/\libhal_bsp.a(alt_do_ctors.o)
 .data          0x0000000000046894        0x0 ../airhockey_bsp/\libhal_bsp.a(alt_do_dtors.o)
 .data          0x0000000000046894        0x0 ../airhockey_bsp/\libhal_bsp.a(alt_errno.o)
 .data          0x0000000000046894        0x0 ../airhockey_bsp/\libhal_bsp.a(alt_find_dev.o)
 .data          0x0000000000046894        0x0 ../airhockey_bsp/\libhal_bsp.a(alt_icache_flush_all.o)
 .data          0x0000000000046894        0x0 ../airhockey_bsp/\libhal_bsp.a(alt_iic.o)
 .data          0x0000000000046894        0x0 ../airhockey_bsp/\libhal_bsp.a(alt_iic_isr_register.o)
 .data          0x0000000000046894        0x0 ../airhockey_bsp/\libhal_bsp.a(alt_io_redirect.o)
 .data          0x0000000000046894        0x0 ../airhockey_bsp/\libhal_bsp.a(alt_irq_entry.o)
 .data          0x0000000000046894        0x0 ../airhockey_bsp/\libhal_bsp.a(alt_irq_handler.o)
 .data          0x0000000000046894        0x0 ../airhockey_bsp/\libhal_bsp.a(alt_irq_vars.o)
 .data          0x0000000000046894        0x0 ../airhockey_bsp/\libhal_bsp.a(alt_open.o)
 .data          0x0000000000046894        0x0 ../airhockey_bsp/\libhal_bsp.a(alt_printf.o)
 .data          0x0000000000046894        0x0 ../airhockey_bsp/\libhal_bsp.a(alt_putchar.o)
 .data          0x0000000000046894        0x0 ../airhockey_bsp/\libhal_bsp.a(alt_release_fd.o)
 .data          0x0000000000046894        0x0 ../airhockey_bsp/\libhal_bsp.a(alt_tick.o)
 .data          0x0000000000046894        0x0 ../airhockey_bsp/\libhal_bsp.a(altera_nios2_qsys_irq.o)
 .data          0x0000000000046894        0x0 ../airhockey_bsp/\libhal_bsp.a(alt_exception_entry.o)
 .data          0x0000000000046894        0x0 ../airhockey_bsp/\libhal_bsp.a(alt_find_file.o)
 .data          0x0000000000046894        0x0 ../airhockey_bsp/\libhal_bsp.a(alt_get_fd.o)
 .data          0x0000000000046894        0x0 ../airhockey_bsp/\libhal_bsp.a(alt_icache_flush.o)
 .data          0x0000000000046894        0x0 d:/intelfpga_lite/16.1/nios2eds/bin/gnu/h-x86_64-mingw32/bin/../lib/gcc/nios2-elf/5.3.0/../../../../../H-x86_64-mingw32/nios2-elf/lib\libsmallc.a(lib_a-atexit.o)
 .data          0x0000000000046894        0x0 d:/intelfpga_lite/16.1/nios2eds/bin/gnu/h-x86_64-mingw32/bin/../lib/gcc/nios2-elf/5.3.0/../../../../../H-x86_64-mingw32/nios2-elf/lib\libsmallc.a(lib_a-exit.o)
 .data          0x0000000000046894        0x0 d:/intelfpga_lite/16.1/nios2eds/bin/gnu/h-x86_64-mingw32/bin/../lib/gcc/nios2-elf/5.3.0/../../../../../H-x86_64-mingw32/nios2-elf/lib\libsmallc.a(lib_a-memcmp.o)
 .data          0x0000000000046894        0x0 d:/intelfpga_lite/16.1/nios2eds/bin/gnu/h-x86_64-mingw32/bin/../lib/gcc/nios2-elf/5.3.0/../../../../../H-x86_64-mingw32/nios2-elf/lib\libsmallc.a(lib_a-memcpy.o)
 .data          0x0000000000046894        0x0 d:/intelfpga_lite/16.1/nios2eds/bin/gnu/h-x86_64-mingw32/bin/../lib/gcc/nios2-elf/5.3.0/../../../../../H-x86_64-mingw32/nios2-elf/lib\libsmallc.a(lib_a-putc.o)
 .data          0x0000000000046894        0x0 d:/intelfpga_lite/16.1/nios2eds/bin/gnu/h-x86_64-mingw32/bin/../lib/gcc/nios2-elf/5.3.0/../../../../../H-x86_64-mingw32/nios2-elf/lib\libsmallc.a(lib_a-__atexit.o)
 .data          0x0000000000046894        0x0 d:/intelfpga_lite/16.1/nios2eds/bin/gnu/h-x86_64-mingw32/bin/../lib/gcc/nios2-elf/5.3.0/../../../../../H-x86_64-mingw32/nios2-elf/lib\libsmallc.a(lib_a-__call_atexit.o)
 .data          0x0000000000046894        0x0 ../airhockey_bsp/\libhal_bsp.a(alt_exit.o)
                0x000000000004e894                _gp = ABSOLUTE ((. + 0x8000))
                [!provide]                        PROVIDE (gp, _gp)
 *(.rwdata .rwdata.*)
 *(.sdata .sdata.* .gnu.linkonce.s.*)
 .sdata._global_impure_ptr
                0x0000000000046894        0x4 d:/intelfpga_lite/16.1/nios2eds/bin/gnu/h-x86_64-mingw32/bin/../lib/gcc/nios2-elf/5.3.0/../../../../../H-x86_64-mingw32/nios2-elf/lib\libsmallc.a(lib_a-impure.o)
                0x0000000000046894                _global_impure_ptr
 .sdata._impure_ptr
                0x0000000000046898        0x4 d:/intelfpga_lite/16.1/nios2eds/bin/gnu/h-x86_64-mingw32/bin/../lib/gcc/nios2-elf/5.3.0/../../../../../H-x86_64-mingw32/nios2-elf/lib\libsmallc.a(lib_a-impure.o)
                0x0000000000046898                _impure_ptr
 .sdata         0x000000000004689c        0x8 ../airhockey_bsp/\libhal_bsp.a(altera_avalon_i2c.o)
                0x000000000004689c                alt_avalon_i2c_list
 .sdata         0x00000000000468a4       0x14 ../airhockey_bsp/\libhal_bsp.a(alt_dev.o)
                0x00000000000468a4                alt_fs_list
                0x00000000000468ac                alt_dev_list
                0x00000000000468b4                alt_max_fd
 .sdata         0x00000000000468b8        0x4 ../airhockey_bsp/\libhal_bsp.a(alt_errno.o)
                0x00000000000468b8                alt_errno
 .sdata         0x00000000000468bc        0x4 ../airhockey_bsp/\libhal_bsp.a(alt_irq_vars.o)
                0x00000000000468bc                alt_priority_mask
 .sdata         0x00000000000468c0        0x8 ../airhockey_bsp/\libhal_bsp.a(alt_tick.o)
                0x00000000000468c0                alt_alarm_list
 *(.sdata2 .sdata2.* .gnu.linkonce.s2.*)
                0x00000000000468c8                . = ALIGN (0x4)
                0x00000000000468c8                _edata = ABSOLUTE (.)
                [!provide]                        PROVIDE (edata, ABSOLUTE (.))
                0x00000000000468c8                PROVIDE (__ram_rwdata_end, ABSOLUTE (.))
                0x00000000000468c8                PROVIDE (__flash_rwdata_start, LOADADDR (.rwdata))

.bss            0x0000000000047c1c      0x11c
                0x0000000000047c1c                __bss_start = ABSOLUTE (.)
                [!provide]                        PROVIDE (__sbss_start, ABSOLUTE (.))
                [!provide]                        PROVIDE (___sbss_start, ABSOLUTE (.))
 *(.dynsbss)
 *(.sbss .sbss.* .gnu.linkonce.sb.*)
 .sbss          0x0000000000047c1c        0x4 d:/intelfpga_lite/16.1/nios2eds/bin/gnu/h-x86_64-mingw32/bin/../lib/gcc/nios2-elf/5.3.0/../../../../../H-x86_64-mingw32/nios2-elf/lib\libsmallc.a(lib_a-int_errno.o)
                0x0000000000047c1c                errno
 .sbss          0x0000000000047c20        0xc ../airhockey_bsp/\libhal_bsp.a(alt_main.o)
                0x0000000000047c20                alt_argc
                0x0000000000047c24                alt_argv
                0x0000000000047c28                alt_envp
 .sbss          0x0000000000047c2c        0x4 ../airhockey_bsp/\libhal_bsp.a(alt_irq_vars.o)
                0x0000000000047c2c                alt_irq_active
 .sbss          0x0000000000047c30        0x8 ../airhockey_bsp/\libhal_bsp.a(alt_tick.o)
                0x0000000000047c30                _alt_tick_rate
                0x0000000000047c34                _alt_nticks
 *(.sbss2 .sbss2.* .gnu.linkonce.sb2.*)
 *(.scommon)
                [!provide]                        PROVIDE (__sbss_end, ABSOLUTE (.))
                [!provide]                        PROVIDE (___sbss_end, ABSOLUTE (.))
 *(.dynbss)
 *(.bss .bss.* .gnu.linkonce.b.*)
 .bss           0x0000000000047c38        0x0 ../airhockey_bsp//obj/HAL/src/crt0.o
 .bss           0x0000000000047c38        0x0 obj/default/hello_world.o
 .bss           0x0000000000047c38        0x0 d:/intelfpga_lite/16.1/nios2eds/bin/gnu/h-x86_64-mingw32/bin/../lib/gcc/nios2-elf/5.3.0/../../../../../H-x86_64-mingw32/nios2-elf/lib\libsmallc.a(lib_a-puts.o)
 .bss           0x0000000000047c38        0x0 d:/intelfpga_lite/16.1/nios2eds/bin/gnu/h-x86_64-mingw32/bin/../lib/gcc/nios2-elf/5.3.0/../../../../../H-x86_64-mingw32/nios2-elf/lib\libsmallc.a(lib_a-strlen.o)
 .bss           0x0000000000047c38        0x0 d:/intelfpga_lite/16.1/nios2eds/bin/gnu/h-x86_64-mingw32/bin/../lib/gcc/nios2-elf/5.3.0/../../../../../H-x86_64-mingw32/nios2-elf/lib\libsmallc.a(lib_a-fvwrite_small_dev.o)
 .bss           0x0000000000047c38        0x0 d:/intelfpga_lite/16.1/nios2eds/bin/gnu/h-x86_64-mingw32/bin/../lib/gcc/nios2-elf/5.3.0/../../../../../H-x86_64-mingw32/nios2-elf/lib\libsmallc.a(lib_a-impure.o)
 .bss           0x0000000000047c38        0x0 d:/intelfpga_lite/16.1/nios2eds/bin/gnu/h-x86_64-mingw32/bin/../lib/gcc/nios2-elf/5.3.0/../../../../../H-x86_64-mingw32/nios2-elf/lib\libsmallc.a(lib_a-writer.o)
 .bss           0x0000000000047c38        0x0 d:/intelfpga_lite/16.1/nios2eds/bin/gnu/h-x86_64-mingw32/bin/../lib/gcc/nios2-elf/5.3.0/../../../../../H-x86_64-mingw32/nios2-elf/lib\libsmallc.a(lib_a-int_errno.o)
 .bss           0x0000000000047c38        0x0 ../airhockey_bsp/\libhal_bsp.a(alt_load.o)
 .bss           0x0000000000047c38        0x0 ../airhockey_bsp/\libhal_bsp.a(alt_main.o)
 .bss           0x0000000000047c38        0x0 ../airhockey_bsp/\libhal_bsp.a(alt_write.o)
 .bss           0x0000000000047c38        0x0 ../airhockey_bsp/\libhal_bsp.a(alt_sys_init.o)
 .bss           0x0000000000047c38        0x0 ../airhockey_bsp/\libhal_bsp.a(altera_avalon_i2c.o)
 .bss           0x0000000000047c38        0x0 ../airhockey_bsp/\libhal_bsp.a(altera_avalon_jtag_uart_fd.o)
 .bss           0x0000000000047c38        0x0 ../airhockey_bsp/\libhal_bsp.a(altera_avalon_jtag_uart_init.o)
 .bss           0x0000000000047c38        0x0 ../airhockey_bsp/\libhal_bsp.a(altera_avalon_jtag_uart_ioctl.o)
 .bss           0x0000000000047c38        0x0 ../airhockey_bsp/\libhal_bsp.a(altera_avalon_jtag_uart_read.o)
 .bss           0x0000000000047c38        0x0 ../airhockey_bsp/\libhal_bsp.a(altera_avalon_jtag_uart_write.o)
 .bss           0x0000000000047c38        0x0 ../airhockey_bsp/\libhal_bsp.a(alt_alarm_start.o)
 .bss           0x0000000000047c38        0x0 ../airhockey_bsp/\libhal_bsp.a(alt_busy_sleep.o)
 .bss           0x0000000000047c38        0x0 ../airhockey_bsp/\libhal_bsp.a(alt_close.o)
 .bss           0x0000000000047c38        0x0 ../airhockey_bsp/\libhal_bsp.a(alt_dcache_flush_all.o)
 .bss           0x0000000000047c38        0x0 ../airhockey_bsp/\libhal_bsp.a(alt_dev.o)
 .bss           0x0000000000047c38        0x0 ../airhockey_bsp/\libhal_bsp.a(alt_dev_llist_insert.o)
 .bss           0x0000000000047c38        0x0 ../airhockey_bsp/\libhal_bsp.a(alt_do_ctors.o)
 .bss           0x0000000000047c38        0x0 ../airhockey_bsp/\libhal_bsp.a(alt_do_dtors.o)
 .bss           0x0000000000047c38        0x0 ../airhockey_bsp/\libhal_bsp.a(alt_errno.o)
 .bss           0x0000000000047c38        0x0 ../airhockey_bsp/\libhal_bsp.a(alt_find_dev.o)
 .bss           0x0000000000047c38        0x0 ../airhockey_bsp/\libhal_bsp.a(alt_icache_flush_all.o)
 .bss           0x0000000000047c38        0x0 ../airhockey_bsp/\libhal_bsp.a(alt_iic.o)
 .bss           0x0000000000047c38        0x0 ../airhockey_bsp/\libhal_bsp.a(alt_iic_isr_register.o)
 .bss           0x0000000000047c38        0x0 ../airhockey_bsp/\libhal_bsp.a(alt_io_redirect.o)
 .bss           0x0000000000047c38        0x0 ../airhockey_bsp/\libhal_bsp.a(alt_irq_entry.o)
 .bss           0x0000000000047c38        0x0 ../airhockey_bsp/\libhal_bsp.a(alt_irq_handler.o)
 .bss           0x0000000000047c38        0x0 ../airhockey_bsp/\libhal_bsp.a(alt_irq_vars.o)
 .bss           0x0000000000047c38        0x0 ../airhockey_bsp/\libhal_bsp.a(alt_open.o)
 .bss           0x0000000000047c38        0x0 ../airhockey_bsp/\libhal_bsp.a(alt_printf.o)
 .bss           0x0000000000047c38        0x0 ../airhockey_bsp/\libhal_bsp.a(alt_putchar.o)
 .bss           0x0000000000047c38        0x0 ../airhockey_bsp/\libhal_bsp.a(alt_release_fd.o)
 .bss           0x0000000000047c38        0x0 ../airhockey_bsp/\libhal_bsp.a(alt_tick.o)
 .bss           0x0000000000047c38        0x0 ../airhockey_bsp/\libhal_bsp.a(altera_nios2_qsys_irq.o)
 .bss           0x0000000000047c38        0x0 ../airhockey_bsp/\libhal_bsp.a(alt_exception_entry.o)
 .bss           0x0000000000047c38        0x0 ../airhockey_bsp/\libhal_bsp.a(alt_find_file.o)
 .bss           0x0000000000047c38        0x0 ../airhockey_bsp/\libhal_bsp.a(alt_get_fd.o)
 .bss           0x0000000000047c38        0x0 ../airhockey_bsp/\libhal_bsp.a(alt_icache_flush.o)
 .bss           0x0000000000047c38        0x0 d:/intelfpga_lite/16.1/nios2eds/bin/gnu/h-x86_64-mingw32/bin/../lib/gcc/nios2-elf/5.3.0/../../../../../H-x86_64-mingw32/nios2-elf/lib\libsmallc.a(lib_a-atexit.o)
 .bss           0x0000000000047c38        0x0 d:/intelfpga_lite/16.1/nios2eds/bin/gnu/h-x86_64-mingw32/bin/../lib/gcc/nios2-elf/5.3.0/../../../../../H-x86_64-mingw32/nios2-elf/lib\libsmallc.a(lib_a-exit.o)
 .bss           0x0000000000047c38        0x0 d:/intelfpga_lite/16.1/nios2eds/bin/gnu/h-x86_64-mingw32/bin/../lib/gcc/nios2-elf/5.3.0/../../../../../H-x86_64-mingw32/nios2-elf/lib\libsmallc.a(lib_a-memcmp.o)
 .bss           0x0000000000047c38        0x0 d:/intelfpga_lite/16.1/nios2eds/bin/gnu/h-x86_64-mingw32/bin/../lib/gcc/nios2-elf/5.3.0/../../../../../H-x86_64-mingw32/nios2-elf/lib\libsmallc.a(lib_a-memcpy.o)
 .bss           0x0000000000047c38        0x0 d:/intelfpga_lite/16.1/nios2eds/bin/gnu/h-x86_64-mingw32/bin/../lib/gcc/nios2-elf/5.3.0/../../../../../H-x86_64-mingw32/nios2-elf/lib\libsmallc.a(lib_a-putc.o)
 .bss           0x0000000000047c38        0x0 d:/intelfpga_lite/16.1/nios2eds/bin/gnu/h-x86_64-mingw32/bin/../lib/gcc/nios2-elf/5.3.0/../../../../../H-x86_64-mingw32/nios2-elf/lib\libsmallc.a(lib_a-__atexit.o)
 .bss           0x0000000000047c38        0x0 d:/intelfpga_lite/16.1/nios2eds/bin/gnu/h-x86_64-mingw32/bin/../lib/gcc/nios2-elf/5.3.0/../../../../../H-x86_64-mingw32/nios2-elf/lib\libsmallc.a(lib_a-__call_atexit.o)
 .bss           0x0000000000047c38        0x0 ../airhockey_bsp/\libhal_bsp.a(alt_exit.o)
 *(COMMON)
 COMMON         0x0000000000047c38      0x100 ../airhockey_bsp/\libhal_bsp.a(alt_irq_handler.o)
                0x0000000000047c38                alt_irq
                0x0000000000047d38                . = ALIGN (0x4)
                0x0000000000047d38                __bss_end = ABSOLUTE (.)

.onchip_memory2_0
                0x0000000000047d38        0x0
                [!provide]                        PROVIDE (_alt_partition_onchip_memory2_0_start, ABSOLUTE (.))
 *(.onchip_memory2_0 .onchip_memory2_0. onchip_memory2_0.*)
                0x0000000000047d38                . = ALIGN (0x4)
                [!provide]                        PROVIDE (_alt_partition_onchip_memory2_0_end, ABSOLUTE (.))
                0x0000000000047d38                _end = ABSOLUTE (.)
                0x0000000000047d38                end = ABSOLUTE (.)
                0x0000000000047d38                __alt_stack_base = ABSOLUTE (.)
                [!provide]                        PROVIDE (_alt_partition_onchip_memory2_0_load_addr, LOADADDR (.onchip_memory2_0))

.stab
 *(.stab)

.stabstr
 *(.stabstr)

.stab.excl
 *(.stab.excl)

.stab.exclstr
 *(.stab.exclstr)

.stab.index
 *(.stab.index)

.stab.indexstr
 *(.stab.indexstr)

.comment        0x0000000000000000       0x23
 *(.comment)
 .comment       0x0000000000000000       0x23 obj/default/hello_world.o
                                         0x24 (size before relaxing)
 .comment       0x0000000000000023       0x24 d:/intelfpga_lite/16.1/nios2eds/bin/gnu/h-x86_64-mingw32/bin/../lib/gcc/nios2-elf/5.3.0/../../../../../H-x86_64-mingw32/nios2-elf/lib\libsmallc.a(lib_a-puts.o)
 .comment       0x0000000000000023       0x24 d:/intelfpga_lite/16.1/nios2eds/bin/gnu/h-x86_64-mingw32/bin/../lib/gcc/nios2-elf/5.3.0/../../../../../H-x86_64-mingw32/nios2-elf/lib\libsmallc.a(lib_a-strlen.o)
 .comment       0x0000000000000023       0x24 d:/intelfpga_lite/16.1/nios2eds/bin/gnu/h-x86_64-mingw32/bin/../lib/gcc/nios2-elf/5.3.0/../../../../../H-x86_64-mingw32/nios2-elf/lib\libsmallc.a(lib_a-fvwrite_small_dev.o)
 .comment       0x0000000000000023       0x24 d:/intelfpga_lite/16.1/nios2eds/bin/gnu/h-x86_64-mingw32/bin/../lib/gcc/nios2-elf/5.3.0/../../../../../H-x86_64-mingw32/nios2-elf/lib\libsmallc.a(lib_a-impure.o)
 .comment       0x0000000000000023       0x24 d:/intelfpga_lite/16.1/nios2eds/bin/gnu/h-x86_64-mingw32/bin/../lib/gcc/nios2-elf/5.3.0/../../../../../H-x86_64-mingw32/nios2-elf/lib\libsmallc.a(lib_a-writer.o)
 .comment       0x0000000000000023       0x24 d:/intelfpga_lite/16.1/nios2eds/bin/gnu/h-x86_64-mingw32/bin/../lib/gcc/nios2-elf/5.3.0/../../../../../H-x86_64-mingw32/nios2-elf/lib\libsmallc.a(lib_a-int_errno.o)
 .comment       0x0000000000000023       0x24 ../airhockey_bsp/\libhal_bsp.a(alt_load.o)
 .comment       0x0000000000000023       0x24 ../airhockey_bsp/\libhal_bsp.a(alt_main.o)
 .comment       0x0000000000000023       0x24 ../airhockey_bsp/\libhal_bsp.a(alt_write.o)
 .comment       0x0000000000000023       0x24 ../airhockey_bsp/\libhal_bsp.a(alt_sys_init.o)
 .comment       0x0000000000000023       0x24 ../airhockey_bsp/\libhal_bsp.a(altera_avalon_i2c.o)
 .comment       0x0000000000000023       0x24 ../airhockey_bsp/\libhal_bsp.a(altera_avalon_jtag_uart_fd.o)
 .comment       0x0000000000000023       0x24 ../airhockey_bsp/\libhal_bsp.a(altera_avalon_jtag_uart_init.o)
 .comment       0x0000000000000023       0x24 ../airhockey_bsp/\libhal_bsp.a(altera_avalon_jtag_uart_ioctl.o)
 .comment       0x0000000000000023       0x24 ../airhockey_bsp/\libhal_bsp.a(altera_avalon_jtag_uart_read.o)
 .comment       0x0000000000000023       0x24 ../airhockey_bsp/\libhal_bsp.a(altera_avalon_jtag_uart_write.o)
 .comment       0x0000000000000023       0x24 ../airhockey_bsp/\libhal_bsp.a(alt_alarm_start.o)
 .comment       0x0000000000000023       0x24 ../airhockey_bsp/\libhal_bsp.a(alt_busy_sleep.o)
 .comment       0x0000000000000023       0x24 ../airhockey_bsp/\libhal_bsp.a(alt_close.o)
 .comment       0x0000000000000023       0x24 ../airhockey_bsp/\libhal_bsp.a(alt_dcache_flush_all.o)
 .comment       0x0000000000000023       0x24 ../airhockey_bsp/\libhal_bsp.a(alt_dev.o)
 .comment       0x0000000000000023       0x24 ../airhockey_bsp/\libhal_bsp.a(alt_dev_llist_insert.o)
 .comment       0x0000000000000023       0x24 ../airhockey_bsp/\libhal_bsp.a(alt_do_ctors.o)
 .comment       0x0000000000000023       0x24 ../airhockey_bsp/\libhal_bsp.a(alt_do_dtors.o)
 .comment       0x0000000000000023       0x24 ../airhockey_bsp/\libhal_bsp.a(alt_errno.o)
 .comment       0x0000000000000023       0x24 ../airhockey_bsp/\libhal_bsp.a(alt_find_dev.o)
 .comment       0x0000000000000023       0x24 ../airhockey_bsp/\libhal_bsp.a(alt_icache_flush_all.o)
 .comment       0x0000000000000023       0x24 ../airhockey_bsp/\libhal_bsp.a(alt_iic.o)
 .comment       0x0000000000000023       0x24 ../airhockey_bsp/\libhal_bsp.a(alt_iic_isr_register.o)
 .comment       0x0000000000000023       0x24 ../airhockey_bsp/\libhal_bsp.a(alt_io_redirect.o)
 .comment       0x0000000000000023       0x24 ../airhockey_bsp/\libhal_bsp.a(alt_irq_handler.o)
 .comment       0x0000000000000023       0x24 ../airhockey_bsp/\libhal_bsp.a(alt_irq_vars.o)
 .comment       0x0000000000000023       0x24 ../airhockey_bsp/\libhal_bsp.a(alt_open.o)
 .comment       0x0000000000000023       0x24 ../airhockey_bsp/\libhal_bsp.a(alt_printf.o)
 .comment       0x0000000000000023       0x24 ../airhockey_bsp/\libhal_bsp.a(alt_putchar.o)
 .comment       0x0000000000000023       0x24 ../airhockey_bsp/\libhal_bsp.a(alt_release_fd.o)
 .comment       0x0000000000000023       0x24 ../airhockey_bsp/\libhal_bsp.a(alt_tick.o)
 .comment       0x0000000000000023       0x24 ../airhockey_bsp/\libhal_bsp.a(altera_nios2_qsys_irq.o)
 .comment       0x0000000000000023       0x24 ../airhockey_bsp/\libhal_bsp.a(alt_find_file.o)
 .comment       0x0000000000000023       0x24 ../airhockey_bsp/\libhal_bsp.a(alt_get_fd.o)
 .comment       0x0000000000000023       0x24 ../airhockey_bsp/\libhal_bsp.a(alt_icache_flush.o)
 .comment       0x0000000000000023       0x24 d:/intelfpga_lite/16.1/nios2eds/bin/gnu/h-x86_64-mingw32/bin/../lib/gcc/nios2-elf/5.3.0/../../../../../H-x86_64-mingw32/nios2-elf/lib\libsmallc.a(lib_a-atexit.o)
 .comment       0x0000000000000023       0x24 d:/intelfpga_lite/16.1/nios2eds/bin/gnu/h-x86_64-mingw32/bin/../lib/gcc/nios2-elf/5.3.0/../../../../../H-x86_64-mingw32/nios2-elf/lib\libsmallc.a(lib_a-exit.o)
 .comment       0x0000000000000023       0x24 d:/intelfpga_lite/16.1/nios2eds/bin/gnu/h-x86_64-mingw32/bin/../lib/gcc/nios2-elf/5.3.0/../../../../../H-x86_64-mingw32/nios2-elf/lib\libsmallc.a(lib_a-memcmp.o)
 .comment       0x0000000000000023       0x24 d:/intelfpga_lite/16.1/nios2eds/bin/gnu/h-x86_64-mingw32/bin/../lib/gcc/nios2-elf/5.3.0/../../../../../H-x86_64-mingw32/nios2-elf/lib\libsmallc.a(lib_a-memcpy.o)
 .comment       0x0000000000000023       0x24 d:/intelfpga_lite/16.1/nios2eds/bin/gnu/h-x86_64-mingw32/bin/../lib/gcc/nios2-elf/5.3.0/../../../../../H-x86_64-mingw32/nios2-elf/lib\libsmallc.a(lib_a-putc.o)
 .comment       0x0000000000000023       0x24 d:/intelfpga_lite/16.1/nios2eds/bin/gnu/h-x86_64-mingw32/bin/../lib/gcc/nios2-elf/5.3.0/../../../../../H-x86_64-mingw32/nios2-elf/lib\libsmallc.a(lib_a-__atexit.o)
 .comment       0x0000000000000023       0x24 d:/intelfpga_lite/16.1/nios2eds/bin/gnu/h-x86_64-mingw32/bin/../lib/gcc/nios2-elf/5.3.0/../../../../../H-x86_64-mingw32/nios2-elf/lib\libsmallc.a(lib_a-__call_atexit.o)
 .comment       0x0000000000000023       0x24 ../airhockey_bsp/\libhal_bsp.a(alt_exit.o)

.debug
 *(.debug)

.line
 *(.line)

.debug_srcinfo
 *(.debug_srcinfo)

.debug_sfnames
 *(.debug_sfnames)

.debug_aranges  0x0000000000000000      0x6c0
 *(.debug_aranges)
 .debug_aranges
                0x0000000000000000       0x28 ../airhockey_bsp//obj/HAL/src/crt0.o
 .debug_aranges
                0x0000000000000028       0x20 obj/default/hello_world.o
 .debug_aranges
                0x0000000000000048       0x28 d:/intelfpga_lite/16.1/nios2eds/bin/gnu/h-x86_64-mingw32/bin/../lib/gcc/nios2-elf/5.3.0/../../../../../H-x86_64-mingw32/nios2-elf/lib\libsmallc.a(lib_a-puts.o)
 .debug_aranges
                0x0000000000000070       0x20 d:/intelfpga_lite/16.1/nios2eds/bin/gnu/h-x86_64-mingw32/bin/../lib/gcc/nios2-elf/5.3.0/../../../../../H-x86_64-mingw32/nios2-elf/lib\libsmallc.a(lib_a-strlen.o)
 .debug_aranges
                0x0000000000000090       0x20 d:/intelfpga_lite/16.1/nios2eds/bin/gnu/h-x86_64-mingw32/bin/../lib/gcc/nios2-elf/5.3.0/../../../../../H-x86_64-mingw32/nios2-elf/lib\libsmallc.a(lib_a-fvwrite_small_dev.o)
 .debug_aranges
                0x00000000000000b0       0x18 d:/intelfpga_lite/16.1/nios2eds/bin/gnu/h-x86_64-mingw32/bin/../lib/gcc/nios2-elf/5.3.0/../../../../../H-x86_64-mingw32/nios2-elf/lib\libsmallc.a(lib_a-impure.o)
 .debug_aranges
                0x00000000000000c8       0x20 d:/intelfpga_lite/16.1/nios2eds/bin/gnu/h-x86_64-mingw32/bin/../lib/gcc/nios2-elf/5.3.0/../../../../../H-x86_64-mingw32/nios2-elf/lib\libsmallc.a(lib_a-writer.o)
 .debug_aranges
                0x00000000000000e8       0x18 d:/intelfpga_lite/16.1/nios2eds/bin/gnu/h-x86_64-mingw32/bin/../lib/gcc/nios2-elf/5.3.0/../../../../../H-x86_64-mingw32/nios2-elf/lib\libsmallc.a(lib_a-int_errno.o)
 .debug_aranges
                0x0000000000000100       0x20 ../airhockey_bsp/\libhal_bsp.a(alt_load.o)
 .debug_aranges
                0x0000000000000120       0x20 ../airhockey_bsp/\libhal_bsp.a(alt_main.o)
 .debug_aranges
                0x0000000000000140       0x20 ../airhockey_bsp/\libhal_bsp.a(alt_write.o)
 .debug_aranges
                0x0000000000000160       0x20 ../airhockey_bsp/\libhal_bsp.a(alt_sys_init.o)
 .debug_aranges
                0x0000000000000180       0x20 ../airhockey_bsp/\libhal_bsp.a(altera_avalon_i2c.o)
 .debug_aranges
                0x00000000000001a0       0x20 ../airhockey_bsp/\libhal_bsp.a(altera_avalon_jtag_uart_fd.o)
 .debug_aranges
                0x00000000000001c0       0x20 ../airhockey_bsp/\libhal_bsp.a(altera_avalon_jtag_uart_init.o)
 .debug_aranges
                0x00000000000001e0       0x20 ../airhockey_bsp/\libhal_bsp.a(altera_avalon_jtag_uart_ioctl.o)
 .debug_aranges
                0x0000000000000200       0x20 ../airhockey_bsp/\libhal_bsp.a(altera_avalon_jtag_uart_read.o)
 .debug_aranges
                0x0000000000000220       0x20 ../airhockey_bsp/\libhal_bsp.a(altera_avalon_jtag_uart_write.o)
 .debug_aranges
                0x0000000000000240       0x20 ../airhockey_bsp/\libhal_bsp.a(alt_alarm_start.o)
 .debug_aranges
                0x0000000000000260       0x20 ../airhockey_bsp/\libhal_bsp.a(alt_busy_sleep.o)
 .debug_aranges
                0x0000000000000280       0x20 ../airhockey_bsp/\libhal_bsp.a(alt_close.o)
 .debug_aranges
                0x00000000000002a0       0x20 ../airhockey_bsp/\libhal_bsp.a(alt_dcache_flush_all.o)
 .debug_aranges
                0x00000000000002c0       0x20 ../airhockey_bsp/\libhal_bsp.a(alt_dev.o)
 .debug_aranges
                0x00000000000002e0       0x20 ../airhockey_bsp/\libhal_bsp.a(alt_dev_llist_insert.o)
 .debug_aranges
                0x0000000000000300       0x20 ../airhockey_bsp/\libhal_bsp.a(alt_do_ctors.o)
 .debug_aranges
                0x0000000000000320       0x20 ../airhockey_bsp/\libhal_bsp.a(alt_do_dtors.o)
 .debug_aranges
                0x0000000000000340       0x18 ../airhockey_bsp/\libhal_bsp.a(alt_errno.o)
 .debug_aranges
                0x0000000000000358       0x20 ../airhockey_bsp/\libhal_bsp.a(alt_find_dev.o)
 .debug_aranges
                0x0000000000000378       0x20 ../airhockey_bsp/\libhal_bsp.a(alt_icache_flush_all.o)
 .debug_aranges
                0x0000000000000398       0x20 ../airhockey_bsp/\libhal_bsp.a(alt_iic.o)
 .debug_aranges
                0x00000000000003b8       0x20 ../airhockey_bsp/\libhal_bsp.a(alt_iic_isr_register.o)
 .debug_aranges
                0x00000000000003d8       0x20 ../airhockey_bsp/\libhal_bsp.a(alt_io_redirect.o)
 .debug_aranges
                0x00000000000003f8       0x30 ../airhockey_bsp/\libhal_bsp.a(alt_irq_entry.o)
 .debug_aranges
                0x0000000000000428       0x20 ../airhockey_bsp/\libhal_bsp.a(alt_irq_handler.o)
 .debug_aranges
                0x0000000000000448       0x18 ../airhockey_bsp/\libhal_bsp.a(alt_irq_vars.o)
 .debug_aranges
                0x0000000000000460       0x20 ../airhockey_bsp/\libhal_bsp.a(alt_open.o)
 .debug_aranges
                0x0000000000000480       0x20 ../airhockey_bsp/\libhal_bsp.a(alt_printf.o)
 .debug_aranges
                0x00000000000004a0       0x20 ../airhockey_bsp/\libhal_bsp.a(alt_putchar.o)
 .debug_aranges
                0x00000000000004c0       0x20 ../airhockey_bsp/\libhal_bsp.a(alt_release_fd.o)
 .debug_aranges
                0x00000000000004e0       0x20 ../airhockey_bsp/\libhal_bsp.a(alt_tick.o)
 .debug_aranges
                0x0000000000000500       0x20 ../airhockey_bsp/\libhal_bsp.a(altera_nios2_qsys_irq.o)
 .debug_aranges
                0x0000000000000520       0x38 ../airhockey_bsp/\libhal_bsp.a(alt_exception_entry.o)
 .debug_aranges
                0x0000000000000558       0x20 ../airhockey_bsp/\libhal_bsp.a(alt_find_file.o)
 .debug_aranges
                0x0000000000000578       0x20 ../airhockey_bsp/\libhal_bsp.a(alt_get_fd.o)
 .debug_aranges
                0x0000000000000598       0x20 ../airhockey_bsp/\libhal_bsp.a(alt_icache_flush.o)
 .debug_aranges
                0x00000000000005b8       0x20 d:/intelfpga_lite/16.1/nios2eds/bin/gnu/h-x86_64-mingw32/bin/../lib/gcc/nios2-elf/5.3.0/../../../../../H-x86_64-mingw32/nios2-elf/lib\libsmallc.a(lib_a-atexit.o)
 .debug_aranges
                0x00000000000005d8       0x20 d:/intelfpga_lite/16.1/nios2eds/bin/gnu/h-x86_64-mingw32/bin/../lib/gcc/nios2-elf/5.3.0/../../../../../H-x86_64-mingw32/nios2-elf/lib\libsmallc.a(lib_a-exit.o)
 .debug_aranges
                0x00000000000005f8       0x20 d:/intelfpga_lite/16.1/nios2eds/bin/gnu/h-x86_64-mingw32/bin/../lib/gcc/nios2-elf/5.3.0/../../../../../H-x86_64-mingw32/nios2-elf/lib\libsmallc.a(lib_a-memcmp.o)
 .debug_aranges
                0x0000000000000618       0x20 d:/intelfpga_lite/16.1/nios2eds/bin/gnu/h-x86_64-mingw32/bin/../lib/gcc/nios2-elf/5.3.0/../../../../../H-x86_64-mingw32/nios2-elf/lib\libsmallc.a(lib_a-memcpy.o)
 .debug_aranges
                0x0000000000000638       0x28 d:/intelfpga_lite/16.1/nios2eds/bin/gnu/h-x86_64-mingw32/bin/../lib/gcc/nios2-elf/5.3.0/../../../../../H-x86_64-mingw32/nios2-elf/lib\libsmallc.a(lib_a-putc.o)
 .debug_aranges
                0x0000000000000660       0x20 d:/intelfpga_lite/16.1/nios2eds/bin/gnu/h-x86_64-mingw32/bin/../lib/gcc/nios2-elf/5.3.0/../../../../../H-x86_64-mingw32/nios2-elf/lib\libsmallc.a(lib_a-__atexit.o)
 .debug_aranges
                0x0000000000000680       0x20 d:/intelfpga_lite/16.1/nios2eds/bin/gnu/h-x86_64-mingw32/bin/../lib/gcc/nios2-elf/5.3.0/../../../../../H-x86_64-mingw32/nios2-elf/lib\libsmallc.a(lib_a-__call_atexit.o)
 .debug_aranges
                0x00000000000006a0       0x20 ../airhockey_bsp/\libhal_bsp.a(alt_exit.o)

.debug_pubnames
 *(.debug_pubnames)

.debug_info     0x0000000000000000     0x9cac
 *(.debug_info .gnu.linkonce.wi.*)
 .debug_info    0x0000000000000000       0x89 ../airhockey_bsp//obj/HAL/src/crt0.o
 .debug_info    0x0000000000000089       0x96 obj/default/hello_world.o
 .debug_info    0x000000000000011f      0x66d d:/intelfpga_lite/16.1/nios2eds/bin/gnu/h-x86_64-mingw32/bin/../lib/gcc/nios2-elf/5.3.0/../../../../../H-x86_64-mingw32/nios2-elf/lib\libsmallc.a(lib_a-puts.o)
 .debug_info    0x000000000000078c       0xc9 d:/intelfpga_lite/16.1/nios2eds/bin/gnu/h-x86_64-mingw32/bin/../lib/gcc/nios2-elf/5.3.0/../../../../../H-x86_64-mingw32/nios2-elf/lib\libsmallc.a(lib_a-strlen.o)
 .debug_info    0x0000000000000855      0x62b d:/intelfpga_lite/16.1/nios2eds/bin/gnu/h-x86_64-mingw32/bin/../lib/gcc/nios2-elf/5.3.0/../../../../../H-x86_64-mingw32/nios2-elf/lib\libsmallc.a(lib_a-fvwrite_small_dev.o)
 .debug_info    0x0000000000000e80      0x5a9 d:/intelfpga_lite/16.1/nios2eds/bin/gnu/h-x86_64-mingw32/bin/../lib/gcc/nios2-elf/5.3.0/../../../../../H-x86_64-mingw32/nios2-elf/lib\libsmallc.a(lib_a-impure.o)
 .debug_info    0x0000000000001429      0x630 d:/intelfpga_lite/16.1/nios2eds/bin/gnu/h-x86_64-mingw32/bin/../lib/gcc/nios2-elf/5.3.0/../../../../../H-x86_64-mingw32/nios2-elf/lib\libsmallc.a(lib_a-writer.o)
 .debug_info    0x0000000000001a59       0x8a d:/intelfpga_lite/16.1/nios2eds/bin/gnu/h-x86_64-mingw32/bin/../lib/gcc/nios2-elf/5.3.0/../../../../../H-x86_64-mingw32/nios2-elf/lib\libsmallc.a(lib_a-int_errno.o)
 .debug_info    0x0000000000001ae3      0x145 ../airhockey_bsp/\libhal_bsp.a(alt_load.o)
 .debug_info    0x0000000000001c28      0x131 ../airhockey_bsp/\libhal_bsp.a(alt_main.o)
 .debug_info    0x0000000000001d59      0x4b7 ../airhockey_bsp/\libhal_bsp.a(alt_write.o)
 .debug_info    0x0000000000002210      0x5d2 ../airhockey_bsp/\libhal_bsp.a(alt_sys_init.o)
 .debug_info    0x00000000000027e2     0x10de ../airhockey_bsp/\libhal_bsp.a(altera_avalon_i2c.o)
 .debug_info    0x00000000000038c0      0x52e ../airhockey_bsp/\libhal_bsp.a(altera_avalon_jtag_uart_fd.o)
 .debug_info    0x0000000000003dee      0x3a0 ../airhockey_bsp/\libhal_bsp.a(altera_avalon_jtag_uart_init.o)
 .debug_info    0x000000000000418e      0x280 ../airhockey_bsp/\libhal_bsp.a(altera_avalon_jtag_uart_ioctl.o)
 .debug_info    0x000000000000440e      0x345 ../airhockey_bsp/\libhal_bsp.a(altera_avalon_jtag_uart_read.o)
 .debug_info    0x0000000000004753      0x340 ../airhockey_bsp/\libhal_bsp.a(altera_avalon_jtag_uart_write.o)
 .debug_info    0x0000000000004a93      0x2cc ../airhockey_bsp/\libhal_bsp.a(alt_alarm_start.o)
 .debug_info    0x0000000000004d5f       0xd7 ../airhockey_bsp/\libhal_bsp.a(alt_busy_sleep.o)
 .debug_info    0x0000000000004e36      0x321 ../airhockey_bsp/\libhal_bsp.a(alt_close.o)
 .debug_info    0x0000000000005157       0x92 ../airhockey_bsp/\libhal_bsp.a(alt_dcache_flush_all.o)
 .debug_info    0x00000000000051e9      0x49c ../airhockey_bsp/\libhal_bsp.a(alt_dev.o)
 .debug_info    0x0000000000005685      0x1a9 ../airhockey_bsp/\libhal_bsp.a(alt_dev_llist_insert.o)
 .debug_info    0x000000000000582e       0x83 ../airhockey_bsp/\libhal_bsp.a(alt_do_ctors.o)
 .debug_info    0x00000000000058b1       0x83 ../airhockey_bsp/\libhal_bsp.a(alt_do_dtors.o)
 .debug_info    0x0000000000005934       0xa6 ../airhockey_bsp/\libhal_bsp.a(alt_errno.o)
 .debug_info    0x00000000000059da      0x2e9 ../airhockey_bsp/\libhal_bsp.a(alt_find_dev.o)
 .debug_info    0x0000000000005cc3       0x92 ../airhockey_bsp/\libhal_bsp.a(alt_icache_flush_all.o)
 .debug_info    0x0000000000005d55      0x350 ../airhockey_bsp/\libhal_bsp.a(alt_iic.o)
 .debug_info    0x00000000000060a5      0x1ef ../airhockey_bsp/\libhal_bsp.a(alt_iic_isr_register.o)
 .debug_info    0x0000000000006294      0x4a5 ../airhockey_bsp/\libhal_bsp.a(alt_io_redirect.o)
 .debug_info    0x0000000000006739       0x92 ../airhockey_bsp/\libhal_bsp.a(alt_irq_entry.o)
 .debug_info    0x00000000000067cb      0x187 ../airhockey_bsp/\libhal_bsp.a(alt_irq_handler.o)
 .debug_info    0x0000000000006952       0x88 ../airhockey_bsp/\libhal_bsp.a(alt_irq_vars.o)
 .debug_info    0x00000000000069da      0x3bb ../airhockey_bsp/\libhal_bsp.a(alt_open.o)
 .debug_info    0x0000000000006d95      0x119 ../airhockey_bsp/\libhal_bsp.a(alt_printf.o)
 .debug_info    0x0000000000006eae      0x8a6 ../airhockey_bsp/\libhal_bsp.a(alt_putchar.o)
 .debug_info    0x0000000000007754      0x2b0 ../airhockey_bsp/\libhal_bsp.a(alt_release_fd.o)
 .debug_info    0x0000000000007a04      0x299 ../airhockey_bsp/\libhal_bsp.a(alt_tick.o)
 .debug_info    0x0000000000007c9d       0x92 ../airhockey_bsp/\libhal_bsp.a(altera_nios2_qsys_irq.o)
 .debug_info    0x0000000000007d2f       0x98 ../airhockey_bsp/\libhal_bsp.a(alt_exception_entry.o)
 .debug_info    0x0000000000007dc7      0x2e6 ../airhockey_bsp/\libhal_bsp.a(alt_find_file.o)
 .debug_info    0x00000000000080ad      0x310 ../airhockey_bsp/\libhal_bsp.a(alt_get_fd.o)
 .debug_info    0x00000000000083bd       0xdc ../airhockey_bsp/\libhal_bsp.a(alt_icache_flush.o)
 .debug_info    0x0000000000008499       0xfe d:/intelfpga_lite/16.1/nios2eds/bin/gnu/h-x86_64-mingw32/bin/../lib/gcc/nios2-elf/5.3.0/../../../../../H-x86_64-mingw32/nios2-elf/lib\libsmallc.a(lib_a-atexit.o)
 .debug_info    0x0000000000008597       0xe5 d:/intelfpga_lite/16.1/nios2eds/bin/gnu/h-x86_64-mingw32/bin/../lib/gcc/nios2-elf/5.3.0/../../../../../H-x86_64-mingw32/nios2-elf/lib\libsmallc.a(lib_a-exit.o)
 .debug_info    0x000000000000867c       0xf4 d:/intelfpga_lite/16.1/nios2eds/bin/gnu/h-x86_64-mingw32/bin/../lib/gcc/nios2-elf/5.3.0/../../../../../H-x86_64-mingw32/nios2-elf/lib\libsmallc.a(lib_a-memcmp.o)
 .debug_info    0x0000000000008770      0x119 d:/intelfpga_lite/16.1/nios2eds/bin/gnu/h-x86_64-mingw32/bin/../lib/gcc/nios2-elf/5.3.0/../../../../../H-x86_64-mingw32/nios2-elf/lib\libsmallc.a(lib_a-memcpy.o)
 .debug_info    0x0000000000008889      0x672 d:/intelfpga_lite/16.1/nios2eds/bin/gnu/h-x86_64-mingw32/bin/../lib/gcc/nios2-elf/5.3.0/../../../../../H-x86_64-mingw32/nios2-elf/lib\libsmallc.a(lib_a-putc.o)
 .debug_info    0x0000000000008efb      0x64a d:/intelfpga_lite/16.1/nios2eds/bin/gnu/h-x86_64-mingw32/bin/../lib/gcc/nios2-elf/5.3.0/../../../../../H-x86_64-mingw32/nios2-elf/lib\libsmallc.a(lib_a-__atexit.o)
 .debug_info    0x0000000000009545      0x67b d:/intelfpga_lite/16.1/nios2eds/bin/gnu/h-x86_64-mingw32/bin/../lib/gcc/nios2-elf/5.3.0/../../../../../H-x86_64-mingw32/nios2-elf/lib\libsmallc.a(lib_a-__call_atexit.o)
 .debug_info    0x0000000000009bc0       0xec ../airhockey_bsp/\libhal_bsp.a(alt_exit.o)

.debug_abbrev   0x0000000000000000     0x3444
 *(.debug_abbrev)
 .debug_abbrev  0x0000000000000000       0x12 ../airhockey_bsp//obj/HAL/src/crt0.o
 .debug_abbrev  0x0000000000000012       0x42 obj/default/hello_world.o
 .debug_abbrev  0x0000000000000054      0x1d6 d:/intelfpga_lite/16.1/nios2eds/bin/gnu/h-x86_64-mingw32/bin/../lib/gcc/nios2-elf/5.3.0/../../../../../H-x86_64-mingw32/nios2-elf/lib\libsmallc.a(lib_a-puts.o)
 .debug_abbrev  0x000000000000022a       0x7f d:/intelfpga_lite/16.1/nios2eds/bin/gnu/h-x86_64-mingw32/bin/../lib/gcc/nios2-elf/5.3.0/../../../../../H-x86_64-mingw32/nios2-elf/lib\libsmallc.a(lib_a-strlen.o)
 .debug_abbrev  0x00000000000002a9      0x1bc d:/intelfpga_lite/16.1/nios2eds/bin/gnu/h-x86_64-mingw32/bin/../lib/gcc/nios2-elf/5.3.0/../../../../../H-x86_64-mingw32/nios2-elf/lib\libsmallc.a(lib_a-fvwrite_small_dev.o)
 .debug_abbrev  0x0000000000000465      0x14a d:/intelfpga_lite/16.1/nios2eds/bin/gnu/h-x86_64-mingw32/bin/../lib/gcc/nios2-elf/5.3.0/../../../../../H-x86_64-mingw32/nios2-elf/lib\libsmallc.a(lib_a-impure.o)
 .debug_abbrev  0x00000000000005af      0x1a6 d:/intelfpga_lite/16.1/nios2eds/bin/gnu/h-x86_64-mingw32/bin/../lib/gcc/nios2-elf/5.3.0/../../../../../H-x86_64-mingw32/nios2-elf/lib\libsmallc.a(lib_a-writer.o)
 .debug_abbrev  0x0000000000000755       0x37 d:/intelfpga_lite/16.1/nios2eds/bin/gnu/h-x86_64-mingw32/bin/../lib/gcc/nios2-elf/5.3.0/../../../../../H-x86_64-mingw32/nios2-elf/lib\libsmallc.a(lib_a-int_errno.o)
 .debug_abbrev  0x000000000000078c       0x9f ../airhockey_bsp/\libhal_bsp.a(alt_load.o)
 .debug_abbrev  0x000000000000082b       0xba ../airhockey_bsp/\libhal_bsp.a(alt_main.o)
 .debug_abbrev  0x00000000000008e5      0x133 ../airhockey_bsp/\libhal_bsp.a(alt_write.o)
 .debug_abbrev  0x0000000000000a18      0x1aa ../airhockey_bsp/\libhal_bsp.a(alt_sys_init.o)
 .debug_abbrev  0x0000000000000bc2      0x30c ../airhockey_bsp/\libhal_bsp.a(altera_avalon_i2c.o)
 .debug_abbrev  0x0000000000000ece      0x127 ../airhockey_bsp/\libhal_bsp.a(altera_avalon_jtag_uart_fd.o)
 .debug_abbrev  0x0000000000000ff5      0x19e ../airhockey_bsp/\libhal_bsp.a(altera_avalon_jtag_uart_init.o)
 .debug_abbrev  0x0000000000001193      0x111 ../airhockey_bsp/\libhal_bsp.a(altera_avalon_jtag_uart_ioctl.o)
 .debug_abbrev  0x00000000000012a4      0x1aa ../airhockey_bsp/\libhal_bsp.a(altera_avalon_jtag_uart_read.o)
 .debug_abbrev  0x000000000000144e      0x1a8 ../airhockey_bsp/\libhal_bsp.a(altera_avalon_jtag_uart_write.o)
 .debug_abbrev  0x00000000000015f6      0x162 ../airhockey_bsp/\libhal_bsp.a(alt_alarm_start.o)
 .debug_abbrev  0x0000000000001758       0x7e ../airhockey_bsp/\libhal_bsp.a(alt_busy_sleep.o)
 .debug_abbrev  0x00000000000017d6      0x11f ../airhockey_bsp/\libhal_bsp.a(alt_close.o)
 .debug_abbrev  0x00000000000018f5       0x42 ../airhockey_bsp/\libhal_bsp.a(alt_dcache_flush_all.o)
 .debug_abbrev  0x0000000000001937       0xd9 ../airhockey_bsp/\libhal_bsp.a(alt_dev.o)
 .debug_abbrev  0x0000000000001a10      0x114 ../airhockey_bsp/\libhal_bsp.a(alt_dev_llist_insert.o)
 .debug_abbrev  0x0000000000001b24       0x79 ../airhockey_bsp/\libhal_bsp.a(alt_do_ctors.o)
 .debug_abbrev  0x0000000000001b9d       0x79 ../airhockey_bsp/\libhal_bsp.a(alt_do_dtors.o)
 .debug_abbrev  0x0000000000001c16       0x5a ../airhockey_bsp/\libhal_bsp.a(alt_errno.o)
 .debug_abbrev  0x0000000000001c70       0xf0 ../airhockey_bsp/\libhal_bsp.a(alt_find_dev.o)
 .debug_abbrev  0x0000000000001d60       0x42 ../airhockey_bsp/\libhal_bsp.a(alt_icache_flush_all.o)
 .debug_abbrev  0x0000000000001da2      0x163 ../airhockey_bsp/\libhal_bsp.a(alt_iic.o)
 .debug_abbrev  0x0000000000001f05      0x169 ../airhockey_bsp/\libhal_bsp.a(alt_iic_isr_register.o)
 .debug_abbrev  0x000000000000206e      0x114 ../airhockey_bsp/\libhal_bsp.a(alt_io_redirect.o)
 .debug_abbrev  0x0000000000002182       0x12 ../airhockey_bsp/\libhal_bsp.a(alt_irq_entry.o)
 .debug_abbrev  0x0000000000002194      0x122 ../airhockey_bsp/\libhal_bsp.a(alt_irq_handler.o)
 .debug_abbrev  0x00000000000022b6       0x40 ../airhockey_bsp/\libhal_bsp.a(alt_irq_vars.o)
 .debug_abbrev  0x00000000000022f6      0x148 ../airhockey_bsp/\libhal_bsp.a(alt_open.o)
 .debug_abbrev  0x000000000000243e       0xb0 ../airhockey_bsp/\libhal_bsp.a(alt_printf.o)
 .debug_abbrev  0x00000000000024ee      0x1af ../airhockey_bsp/\libhal_bsp.a(alt_putchar.o)
 .debug_abbrev  0x000000000000269d       0xde ../airhockey_bsp/\libhal_bsp.a(alt_release_fd.o)
 .debug_abbrev  0x000000000000277b      0x15a ../airhockey_bsp/\libhal_bsp.a(alt_tick.o)
 .debug_abbrev  0x00000000000028d5       0x42 ../airhockey_bsp/\libhal_bsp.a(altera_nios2_qsys_irq.o)
 .debug_abbrev  0x0000000000002917       0x12 ../airhockey_bsp/\libhal_bsp.a(alt_exception_entry.o)
 .debug_abbrev  0x0000000000002929       0xf0 ../airhockey_bsp/\libhal_bsp.a(alt_find_file.o)
 .debug_abbrev  0x0000000000002a19      0x10d ../airhockey_bsp/\libhal_bsp.a(alt_get_fd.o)
 .debug_abbrev  0x0000000000002b26       0x8c ../airhockey_bsp/\libhal_bsp.a(alt_icache_flush.o)
 .debug_abbrev  0x0000000000002bb2       0xaa d:/intelfpga_lite/16.1/nios2eds/bin/gnu/h-x86_64-mingw32/bin/../lib/gcc/nios2-elf/5.3.0/../../../../../H-x86_64-mingw32/nios2-elf/lib\libsmallc.a(lib_a-atexit.o)
 .debug_abbrev  0x0000000000002c5c       0x8b d:/intelfpga_lite/16.1/nios2eds/bin/gnu/h-x86_64-mingw32/bin/../lib/gcc/nios2-elf/5.3.0/../../../../../H-x86_64-mingw32/nios2-elf/lib\libsmallc.a(lib_a-exit.o)
 .debug_abbrev  0x0000000000002ce7       0x7f d:/intelfpga_lite/16.1/nios2eds/bin/gnu/h-x86_64-mingw32/bin/../lib/gcc/nios2-elf/5.3.0/../../../../../H-x86_64-mingw32/nios2-elf/lib\libsmallc.a(lib_a-memcmp.o)
 .debug_abbrev  0x0000000000002d66       0x9c d:/intelfpga_lite/16.1/nios2eds/bin/gnu/h-x86_64-mingw32/bin/../lib/gcc/nios2-elf/5.3.0/../../../../../H-x86_64-mingw32/nios2-elf/lib\libsmallc.a(lib_a-memcpy.o)
 .debug_abbrev  0x0000000000002e02      0x1bd d:/intelfpga_lite/16.1/nios2eds/bin/gnu/h-x86_64-mingw32/bin/../lib/gcc/nios2-elf/5.3.0/../../../../../H-x86_64-mingw32/nios2-elf/lib\libsmallc.a(lib_a-putc.o)
 .debug_abbrev  0x0000000000002fbf      0x1e6 d:/intelfpga_lite/16.1/nios2eds/bin/gnu/h-x86_64-mingw32/bin/../lib/gcc/nios2-elf/5.3.0/../../../../../H-x86_64-mingw32/nios2-elf/lib\libsmallc.a(lib_a-__atexit.o)
 .debug_abbrev  0x00000000000031a5      0x1f6 d:/intelfpga_lite/16.1/nios2eds/bin/gnu/h-x86_64-mingw32/bin/../lib/gcc/nios2-elf/5.3.0/../../../../../H-x86_64-mingw32/nios2-elf/lib\libsmallc.a(lib_a-__call_atexit.o)
 .debug_abbrev  0x000000000000339b       0xa9 ../airhockey_bsp/\libhal_bsp.a(alt_exit.o)

.debug_line     0x0000000000000000     0x38b3
 *(.debug_line)
 .debug_line    0x0000000000000000       0x6c ../airhockey_bsp//obj/HAL/src/crt0.o
 .debug_line    0x000000000000006c       0x40 obj/default/hello_world.o
 .debug_line    0x00000000000000ac      0x203 d:/intelfpga_lite/16.1/nios2eds/bin/gnu/h-x86_64-mingw32/bin/../lib/gcc/nios2-elf/5.3.0/../../../../../H-x86_64-mingw32/nios2-elf/lib\libsmallc.a(lib_a-puts.o)
 .debug_line    0x00000000000002af      0x159 d:/intelfpga_lite/16.1/nios2eds/bin/gnu/h-x86_64-mingw32/bin/../lib/gcc/nios2-elf/5.3.0/../../../../../H-x86_64-mingw32/nios2-elf/lib\libsmallc.a(lib_a-strlen.o)
 .debug_line    0x0000000000000408      0x1ed d:/intelfpga_lite/16.1/nios2eds/bin/gnu/h-x86_64-mingw32/bin/../lib/gcc/nios2-elf/5.3.0/../../../../../H-x86_64-mingw32/nios2-elf/lib\libsmallc.a(lib_a-fvwrite_small_dev.o)
 .debug_line    0x00000000000005f5      0x153 d:/intelfpga_lite/16.1/nios2eds/bin/gnu/h-x86_64-mingw32/bin/../lib/gcc/nios2-elf/5.3.0/../../../../../H-x86_64-mingw32/nios2-elf/lib\libsmallc.a(lib_a-impure.o)
 .debug_line    0x0000000000000748      0x1ea d:/intelfpga_lite/16.1/nios2eds/bin/gnu/h-x86_64-mingw32/bin/../lib/gcc/nios2-elf/5.3.0/../../../../../H-x86_64-mingw32/nios2-elf/lib\libsmallc.a(lib_a-writer.o)
 .debug_line    0x0000000000000932       0x5c d:/intelfpga_lite/16.1/nios2eds/bin/gnu/h-x86_64-mingw32/bin/../lib/gcc/nios2-elf/5.3.0/../../../../../H-x86_64-mingw32/nios2-elf/lib\libsmallc.a(lib_a-int_errno.o)
 .debug_line    0x000000000000098e       0x8e ../airhockey_bsp/\libhal_bsp.a(alt_load.o)
 .debug_line    0x0000000000000a1c       0xa4 ../airhockey_bsp/\libhal_bsp.a(alt_main.o)
 .debug_line    0x0000000000000ac0      0x1db ../airhockey_bsp/\libhal_bsp.a(alt_write.o)
 .debug_line    0x0000000000000c9b      0x14e ../airhockey_bsp/\libhal_bsp.a(alt_sys_init.o)
 .debug_line    0x0000000000000de9      0x4e2 ../airhockey_bsp/\libhal_bsp.a(altera_avalon_i2c.o)
 .debug_line    0x00000000000012cb      0x12f ../airhockey_bsp/\libhal_bsp.a(altera_avalon_jtag_uart_fd.o)
 .debug_line    0x00000000000013fa      0x18b ../airhockey_bsp/\libhal_bsp.a(altera_avalon_jtag_uart_init.o)
 .debug_line    0x0000000000001585      0x131 ../airhockey_bsp/\libhal_bsp.a(altera_avalon_jtag_uart_ioctl.o)
 .debug_line    0x00000000000016b6      0x171 ../airhockey_bsp/\libhal_bsp.a(altera_avalon_jtag_uart_read.o)
 .debug_line    0x0000000000001827      0x170 ../airhockey_bsp/\libhal_bsp.a(altera_avalon_jtag_uart_write.o)
 .debug_line    0x0000000000001997       0xf9 ../airhockey_bsp/\libhal_bsp.a(alt_alarm_start.o)
 .debug_line    0x0000000000001a90       0x9f ../airhockey_bsp/\libhal_bsp.a(alt_busy_sleep.o)
 .debug_line    0x0000000000001b2f      0x165 ../airhockey_bsp/\libhal_bsp.a(alt_close.o)
 .debug_line    0x0000000000001c94       0x51 ../airhockey_bsp/\libhal_bsp.a(alt_dcache_flush_all.o)
 .debug_line    0x0000000000001ce5       0xf8 ../airhockey_bsp/\libhal_bsp.a(alt_dev.o)
 .debug_line    0x0000000000001ddd       0xcf ../airhockey_bsp/\libhal_bsp.a(alt_dev_llist_insert.o)
 .debug_line    0x0000000000001eac       0x59 ../airhockey_bsp/\libhal_bsp.a(alt_do_ctors.o)
 .debug_line    0x0000000000001f05       0x59 ../airhockey_bsp/\libhal_bsp.a(alt_do_dtors.o)
 .debug_line    0x0000000000001f5e       0x51 ../airhockey_bsp/\libhal_bsp.a(alt_errno.o)
 .debug_line    0x0000000000001faf       0xb5 ../airhockey_bsp/\libhal_bsp.a(alt_find_dev.o)
 .debug_line    0x0000000000002064       0x50 ../airhockey_bsp/\libhal_bsp.a(alt_icache_flush_all.o)
 .debug_line    0x00000000000020b4       0xeb ../airhockey_bsp/\libhal_bsp.a(alt_iic.o)
 .debug_line    0x000000000000219f       0xdb ../airhockey_bsp/\libhal_bsp.a(alt_iic_isr_register.o)
 .debug_line    0x000000000000227a      0x133 ../airhockey_bsp/\libhal_bsp.a(alt_io_redirect.o)
 .debug_line    0x00000000000023ad       0x6b ../airhockey_bsp/\libhal_bsp.a(alt_irq_entry.o)
 .debug_line    0x0000000000002418       0xaa ../airhockey_bsp/\libhal_bsp.a(alt_irq_handler.o)
 .debug_line    0x00000000000024c2       0x50 ../airhockey_bsp/\libhal_bsp.a(alt_irq_vars.o)
 .debug_line    0x0000000000002512      0x128 ../airhockey_bsp/\libhal_bsp.a(alt_open.o)
 .debug_line    0x000000000000263a       0xef ../airhockey_bsp/\libhal_bsp.a(alt_printf.o)
 .debug_line    0x0000000000002729      0x120 ../airhockey_bsp/\libhal_bsp.a(alt_putchar.o)
 .debug_line    0x0000000000002849       0xae ../airhockey_bsp/\libhal_bsp.a(alt_release_fd.o)
 .debug_line    0x00000000000028f7       0xff ../airhockey_bsp/\libhal_bsp.a(alt_tick.o)
 .debug_line    0x00000000000029f6       0x51 ../airhockey_bsp/\libhal_bsp.a(altera_nios2_qsys_irq.o)
 .debug_line    0x0000000000002a47       0xab ../airhockey_bsp/\libhal_bsp.a(alt_exception_entry.o)
 .debug_line    0x0000000000002af2       0xd1 ../airhockey_bsp/\libhal_bsp.a(alt_find_file.o)
 .debug_line    0x0000000000002bc3       0xd4 ../airhockey_bsp/\libhal_bsp.a(alt_get_fd.o)
 .debug_line    0x0000000000002c97       0x81 ../airhockey_bsp/\libhal_bsp.a(alt_icache_flush.o)
 .debug_line    0x0000000000002d18       0xe4 d:/intelfpga_lite/16.1/nios2eds/bin/gnu/h-x86_64-mingw32/bin/../lib/gcc/nios2-elf/5.3.0/../../../../../H-x86_64-mingw32/nios2-elf/lib\libsmallc.a(lib_a-atexit.o)
 .debug_line    0x0000000000002dfc      0x156 d:/intelfpga_lite/16.1/nios2eds/bin/gnu/h-x86_64-mingw32/bin/../lib/gcc/nios2-elf/5.3.0/../../../../../H-x86_64-mingw32/nios2-elf/lib\libsmallc.a(lib_a-exit.o)
 .debug_line    0x0000000000002f52      0x15d d:/intelfpga_lite/16.1/nios2eds/bin/gnu/h-x86_64-mingw32/bin/../lib/gcc/nios2-elf/5.3.0/../../../../../H-x86_64-mingw32/nios2-elf/lib\libsmallc.a(lib_a-memcmp.o)
 .debug_line    0x00000000000030af      0x15b d:/intelfpga_lite/16.1/nios2eds/bin/gnu/h-x86_64-mingw32/bin/../lib/gcc/nios2-elf/5.3.0/../../../../../H-x86_64-mingw32/nios2-elf/lib\libsmallc.a(lib_a-memcpy.o)
 .debug_line    0x000000000000320a      0x1ff d:/intelfpga_lite/16.1/nios2eds/bin/gnu/h-x86_64-mingw32/bin/../lib/gcc/nios2-elf/5.3.0/../../../../../H-x86_64-mingw32/nios2-elf/lib\libsmallc.a(lib_a-putc.o)
 .debug_line    0x0000000000003409      0x20a d:/intelfpga_lite/16.1/nios2eds/bin/gnu/h-x86_64-mingw32/bin/../lib/gcc/nios2-elf/5.3.0/../../../../../H-x86_64-mingw32/nios2-elf/lib\libsmallc.a(lib_a-__atexit.o)
 .debug_line    0x0000000000003613      0x22f d:/intelfpga_lite/16.1/nios2eds/bin/gnu/h-x86_64-mingw32/bin/../lib/gcc/nios2-elf/5.3.0/../../../../../H-x86_64-mingw32/nios2-elf/lib\libsmallc.a(lib_a-__call_atexit.o)
 .debug_line    0x0000000000003842       0x71 ../airhockey_bsp/\libhal_bsp.a(alt_exit.o)

.debug_frame    0x0000000000000000     0x1248
 *(.debug_frame)
 .debug_frame   0x0000000000000000       0x38 obj/default/hello_world.o
 .debug_frame   0x0000000000000038       0x48 d:/intelfpga_lite/16.1/nios2eds/bin/gnu/h-x86_64-mingw32/bin/../lib/gcc/nios2-elf/5.3.0/../../../../../H-x86_64-mingw32/nios2-elf/lib\libsmallc.a(lib_a-puts.o)
 .debug_frame   0x0000000000000080       0x20 d:/intelfpga_lite/16.1/nios2eds/bin/gnu/h-x86_64-mingw32/bin/../lib/gcc/nios2-elf/5.3.0/../../../../../H-x86_64-mingw32/nios2-elf/lib\libsmallc.a(lib_a-strlen.o)
 .debug_frame   0x00000000000000a0       0x58 d:/intelfpga_lite/16.1/nios2eds/bin/gnu/h-x86_64-mingw32/bin/../lib/gcc/nios2-elf/5.3.0/../../../../../H-x86_64-mingw32/nios2-elf/lib\libsmallc.a(lib_a-fvwrite_small_dev.o)
 .debug_frame   0x00000000000000f8       0x38 d:/intelfpga_lite/16.1/nios2eds/bin/gnu/h-x86_64-mingw32/bin/../lib/gcc/nios2-elf/5.3.0/../../../../../H-x86_64-mingw32/nios2-elf/lib\libsmallc.a(lib_a-writer.o)
 .debug_frame   0x0000000000000130       0x5c ../airhockey_bsp/\libhal_bsp.a(alt_load.o)
 .debug_frame   0x000000000000018c       0x2c ../airhockey_bsp/\libhal_bsp.a(alt_main.o)
 .debug_frame   0x00000000000001b8       0x60 ../airhockey_bsp/\libhal_bsp.a(alt_write.o)
 .debug_frame   0x0000000000000218       0x88 ../airhockey_bsp/\libhal_bsp.a(alt_sys_init.o)
 .debug_frame   0x00000000000002a0      0x5d4 ../airhockey_bsp/\libhal_bsp.a(altera_avalon_i2c.o)
 .debug_frame   0x0000000000000874       0xb0 ../airhockey_bsp/\libhal_bsp.a(altera_avalon_jtag_uart_fd.o)
 .debug_frame   0x0000000000000924       0xa4 ../airhockey_bsp/\libhal_bsp.a(altera_avalon_jtag_uart_init.o)
 .debug_frame   0x00000000000009c8       0x34 ../airhockey_bsp/\libhal_bsp.a(altera_avalon_jtag_uart_ioctl.o)
 .debug_frame   0x00000000000009fc       0x38 ../airhockey_bsp/\libhal_bsp.a(altera_avalon_jtag_uart_read.o)
 .debug_frame   0x0000000000000a34       0x38 ../airhockey_bsp/\libhal_bsp.a(altera_avalon_jtag_uart_write.o)
 .debug_frame   0x0000000000000a6c       0x34 ../airhockey_bsp/\libhal_bsp.a(alt_alarm_start.o)
 .debug_frame   0x0000000000000aa0       0x34 ../airhockey_bsp/\libhal_bsp.a(alt_busy_sleep.o)
 .debug_frame   0x0000000000000ad4       0x60 ../airhockey_bsp/\libhal_bsp.a(alt_close.o)
 .debug_frame   0x0000000000000b34       0x34 ../airhockey_bsp/\libhal_bsp.a(alt_dcache_flush_all.o)
 .debug_frame   0x0000000000000b68       0x34 ../airhockey_bsp/\libhal_bsp.a(alt_dev.o)
 .debug_frame   0x0000000000000b9c       0x60 ../airhockey_bsp/\libhal_bsp.a(alt_dev_llist_insert.o)
 .debug_frame   0x0000000000000bfc       0x38 ../airhockey_bsp/\libhal_bsp.a(alt_do_ctors.o)
 .debug_frame   0x0000000000000c34       0x38 ../airhockey_bsp/\libhal_bsp.a(alt_do_dtors.o)
 .debug_frame   0x0000000000000c6c       0x38 ../airhockey_bsp/\libhal_bsp.a(alt_find_dev.o)
 .debug_frame   0x0000000000000ca4       0x38 ../airhockey_bsp/\libhal_bsp.a(alt_icache_flush_all.o)
 .debug_frame   0x0000000000000cdc       0xa4 ../airhockey_bsp/\libhal_bsp.a(alt_iic.o)
 .debug_frame   0x0000000000000d80       0x38 ../airhockey_bsp/\libhal_bsp.a(alt_iic_isr_register.o)
 .debug_frame   0x0000000000000db8       0x60 ../airhockey_bsp/\libhal_bsp.a(alt_io_redirect.o)
 .debug_frame   0x0000000000000e18       0x38 ../airhockey_bsp/\libhal_bsp.a(alt_irq_handler.o)
 .debug_frame   0x0000000000000e50       0x84 ../airhockey_bsp/\libhal_bsp.a(alt_open.o)
 .debug_frame   0x0000000000000ed4       0x38 ../airhockey_bsp/\libhal_bsp.a(alt_printf.o)
 .debug_frame   0x0000000000000f0c       0x38 ../airhockey_bsp/\libhal_bsp.a(alt_putchar.o)
 .debug_frame   0x0000000000000f44       0x34 ../airhockey_bsp/\libhal_bsp.a(alt_release_fd.o)
 .debug_frame   0x0000000000000f78       0x5c ../airhockey_bsp/\libhal_bsp.a(alt_tick.o)
 .debug_frame   0x0000000000000fd4       0x34 ../airhockey_bsp/\libhal_bsp.a(altera_nios2_qsys_irq.o)
 .debug_frame   0x0000000000001008       0x38 ../airhockey_bsp/\libhal_bsp.a(alt_find_file.o)
 .debug_frame   0x0000000000001040       0x34 ../airhockey_bsp/\libhal_bsp.a(alt_get_fd.o)
 .debug_frame   0x0000000000001074       0x34 ../airhockey_bsp/\libhal_bsp.a(alt_icache_flush.o)
 .debug_frame   0x00000000000010a8       0x20 d:/intelfpga_lite/16.1/nios2eds/bin/gnu/h-x86_64-mingw32/bin/../lib/gcc/nios2-elf/5.3.0/../../../../../H-x86_64-mingw32/nios2-elf/lib\libsmallc.a(lib_a-atexit.o)
 .debug_frame   0x00000000000010c8       0x28 d:/intelfpga_lite/16.1/nios2eds/bin/gnu/h-x86_64-mingw32/bin/../lib/gcc/nios2-elf/5.3.0/../../../../../H-x86_64-mingw32/nios2-elf/lib\libsmallc.a(lib_a-exit.o)
 .debug_frame   0x00000000000010f0       0x20 d:/intelfpga_lite/16.1/nios2eds/bin/gnu/h-x86_64-mingw32/bin/../lib/gcc/nios2-elf/5.3.0/../../../../../H-x86_64-mingw32/nios2-elf/lib\libsmallc.a(lib_a-memcmp.o)
 .debug_frame   0x0000000000001110       0x20 d:/intelfpga_lite/16.1/nios2eds/bin/gnu/h-x86_64-mingw32/bin/../lib/gcc/nios2-elf/5.3.0/../../../../../H-x86_64-mingw32/nios2-elf/lib\libsmallc.a(lib_a-memcpy.o)
 .debug_frame   0x0000000000001130       0x50 d:/intelfpga_lite/16.1/nios2eds/bin/gnu/h-x86_64-mingw32/bin/../lib/gcc/nios2-elf/5.3.0/../../../../../H-x86_64-mingw32/nios2-elf/lib\libsmallc.a(lib_a-putc.o)
 .debug_frame   0x0000000000001180       0x48 d:/intelfpga_lite/16.1/nios2eds/bin/gnu/h-x86_64-mingw32/bin/../lib/gcc/nios2-elf/5.3.0/../../../../../H-x86_64-mingw32/nios2-elf/lib\libsmallc.a(lib_a-__atexit.o)
 .debug_frame   0x00000000000011c8       0x54 d:/intelfpga_lite/16.1/nios2eds/bin/gnu/h-x86_64-mingw32/bin/../lib/gcc/nios2-elf/5.3.0/../../../../../H-x86_64-mingw32/nios2-elf/lib\libsmallc.a(lib_a-__call_atexit.o)
 .debug_frame   0x000000000000121c       0x2c ../airhockey_bsp/\libhal_bsp.a(alt_exit.o)

.debug_str      0x0000000000000000     0x22ad
 *(.debug_str)
 .debug_str     0x0000000000000000      0x107 obj/default/hello_world.o
                                        0x145 (size before relaxing)
 .debug_str     0x0000000000000107      0x3d9 d:/intelfpga_lite/16.1/nios2eds/bin/gnu/h-x86_64-mingw32/bin/../lib/gcc/nios2-elf/5.3.0/../../../../../H-x86_64-mingw32/nios2-elf/lib\libsmallc.a(lib_a-puts.o)
                                        0x4b3 (size before relaxing)
 .debug_str     0x00000000000004e0       0xc4 d:/intelfpga_lite/16.1/nios2eds/bin/gnu/h-x86_64-mingw32/bin/../lib/gcc/nios2-elf/5.3.0/../../../../../H-x86_64-mingw32/nios2-elf/lib\libsmallc.a(lib_a-strlen.o)
                                        0x1cb (size before relaxing)
 .debug_str     0x00000000000005a4       0x60 d:/intelfpga_lite/16.1/nios2eds/bin/gnu/h-x86_64-mingw32/bin/../lib/gcc/nios2-elf/5.3.0/../../../../../H-x86_64-mingw32/nios2-elf/lib\libsmallc.a(lib_a-fvwrite_small_dev.o)
                                        0x4ba (size before relaxing)
 .debug_str     0x0000000000000604       0xe1 d:/intelfpga_lite/16.1/nios2eds/bin/gnu/h-x86_64-mingw32/bin/../lib/gcc/nios2-elf/5.3.0/../../../../../H-x86_64-mingw32/nios2-elf/lib\libsmallc.a(lib_a-impure.o)
                                        0x4a4 (size before relaxing)
 .debug_str     0x00000000000006e5       0x42 d:/intelfpga_lite/16.1/nios2eds/bin/gnu/h-x86_64-mingw32/bin/../lib/gcc/nios2-elf/5.3.0/../../../../../H-x86_64-mingw32/nios2-elf/lib\libsmallc.a(lib_a-writer.o)
                                        0x49e (size before relaxing)
 .debug_str     0x0000000000000727       0x3c d:/intelfpga_lite/16.1/nios2eds/bin/gnu/h-x86_64-mingw32/bin/../lib/gcc/nios2-elf/5.3.0/../../../../../H-x86_64-mingw32/nios2-elf/lib\libsmallc.a(lib_a-int_errno.o)
                                        0x1be (size before relaxing)
 .debug_str     0x0000000000000763      0x146 ../airhockey_bsp/\libhal_bsp.a(alt_load.o)
                                        0x227 (size before relaxing)
 .debug_str     0x00000000000008a9       0x70 ../airhockey_bsp/\libhal_bsp.a(alt_main.o)
                                        0x1b2 (size before relaxing)
 .debug_str     0x0000000000000919      0x155 ../airhockey_bsp/\libhal_bsp.a(alt_write.o)
                                        0x30d (size before relaxing)
 .debug_str     0x0000000000000a6e      0x299 ../airhockey_bsp/\libhal_bsp.a(alt_sys_init.o)
                                        0x4b1 (size before relaxing)
 .debug_str     0x0000000000000d07      0x95e ../airhockey_bsp/\libhal_bsp.a(altera_avalon_i2c.o)
                                        0xca5 (size before relaxing)
 .debug_str     0x0000000000001665       0xb2 ../airhockey_bsp/\libhal_bsp.a(altera_avalon_jtag_uart_fd.o)
                                        0x3b9 (size before relaxing)
 .debug_str     0x0000000000001717       0xc9 ../airhockey_bsp/\libhal_bsp.a(altera_avalon_jtag_uart_init.o)
                                        0x34d (size before relaxing)
 .debug_str     0x00000000000017e0       0x4a ../airhockey_bsp/\libhal_bsp.a(altera_avalon_jtag_uart_ioctl.o)
                                        0x2a8 (size before relaxing)
 .debug_str     0x000000000000182a       0x48 ../airhockey_bsp/\libhal_bsp.a(altera_avalon_jtag_uart_read.o)
                                        0x2fd (size before relaxing)
 .debug_str     0x0000000000001872       0x4a ../airhockey_bsp/\libhal_bsp.a(altera_avalon_jtag_uart_write.o)
                                        0x2fe (size before relaxing)
 .debug_str     0x00000000000018bc       0x5f ../airhockey_bsp/\libhal_bsp.a(alt_alarm_start.o)
                                        0x293 (size before relaxing)
 .debug_str     0x000000000000191b       0x42 ../airhockey_bsp/\libhal_bsp.a(alt_busy_sleep.o)
                                        0x180 (size before relaxing)
 .debug_str     0x000000000000195d       0x1b ../airhockey_bsp/\libhal_bsp.a(alt_close.o)
                                        0x220 (size before relaxing)
 .debug_str     0x0000000000001978       0x34 ../airhockey_bsp/\libhal_bsp.a(alt_dcache_flush_all.o)
                                        0x16a (size before relaxing)
 .debug_str     0x00000000000019ac       0x50 ../airhockey_bsp/\libhal_bsp.a(alt_dev.o)
                                        0x31a (size before relaxing)
 .debug_str     0x00000000000019fc       0x34 ../airhockey_bsp/\libhal_bsp.a(alt_dev_llist_insert.o)
                                        0x1e1 (size before relaxing)
 .debug_str     0x0000000000001a30       0x48 ../airhockey_bsp/\libhal_bsp.a(alt_do_ctors.o)
                                         0xe5 (size before relaxing)
 .debug_str     0x0000000000001a78       0x4c ../airhockey_bsp/\libhal_bsp.a(alt_do_dtors.o)
                                         0xe4 (size before relaxing)
 .debug_str     0x0000000000001ac4       0x14 ../airhockey_bsp/\libhal_bsp.a(alt_errno.o)
                                        0x15a (size before relaxing)
 .debug_str     0x0000000000001ad8       0x24 ../airhockey_bsp/\libhal_bsp.a(alt_find_dev.o)
                                        0x201 (size before relaxing)
 .debug_str     0x0000000000001afc       0x34 ../airhockey_bsp/\libhal_bsp.a(alt_icache_flush_all.o)
                                        0x16a (size before relaxing)
 .debug_str     0x0000000000001b30       0xbd ../airhockey_bsp/\libhal_bsp.a(alt_iic.o)
                                        0x253 (size before relaxing)
 .debug_str     0x0000000000001bed       0x4c ../airhockey_bsp/\libhal_bsp.a(alt_iic_isr_register.o)
                                        0x1fd (size before relaxing)
 .debug_str     0x0000000000001c39       0x56 ../airhockey_bsp/\libhal_bsp.a(alt_io_redirect.o)
                                        0x32b (size before relaxing)
 .debug_str     0x0000000000001c8f       0x3a ../airhockey_bsp/\libhal_bsp.a(alt_irq_handler.o)
                                        0x1ac (size before relaxing)
 .debug_str     0x0000000000001cc9       0x17 ../airhockey_bsp/\libhal_bsp.a(alt_irq_vars.o)
                                        0x14f (size before relaxing)
 .debug_str     0x0000000000001ce0       0x2f ../airhockey_bsp/\libhal_bsp.a(alt_open.o)
                                        0x260 (size before relaxing)
 .debug_str     0x0000000000001d0f       0x53 ../airhockey_bsp/\libhal_bsp.a(alt_printf.o)
                                        0x10f (size before relaxing)
 .debug_str     0x0000000000001d62      0x12a ../airhockey_bsp/\libhal_bsp.a(alt_putchar.o)
                                        0x51a (size before relaxing)
 .debug_str     0x0000000000001e8c       0x28 ../airhockey_bsp/\libhal_bsp.a(alt_release_fd.o)
                                        0x1e8 (size before relaxing)
 .debug_str     0x0000000000001eb4       0x4a ../airhockey_bsp/\libhal_bsp.a(alt_tick.o)
                                        0x267 (size before relaxing)
 .debug_str     0x0000000000001efe       0x3b ../airhockey_bsp/\libhal_bsp.a(altera_nios2_qsys_irq.o)
                                        0x171 (size before relaxing)
 .debug_str     0x0000000000001f39       0x26 ../airhockey_bsp/\libhal_bsp.a(alt_find_file.o)
                                        0x20f (size before relaxing)
 .debug_str     0x0000000000001f5f       0x30 ../airhockey_bsp/\libhal_bsp.a(alt_get_fd.o)
                                        0x231 (size before relaxing)
 .debug_str     0x0000000000001f8f       0x2c ../airhockey_bsp/\libhal_bsp.a(alt_icache_flush.o)
                                        0x170 (size before relaxing)
 .debug_str     0x0000000000001fbb      0x108 d:/intelfpga_lite/16.1/nios2eds/bin/gnu/h-x86_64-mingw32/bin/../lib/gcc/nios2-elf/5.3.0/../../../../../H-x86_64-mingw32/nios2-elf/lib\libsmallc.a(lib_a-atexit.o)
                                        0x202 (size before relaxing)
 .debug_str     0x00000000000020c3       0x49 d:/intelfpga_lite/16.1/nios2eds/bin/gnu/h-x86_64-mingw32/bin/../lib/gcc/nios2-elf/5.3.0/../../../../../H-x86_64-mingw32/nios2-elf/lib\libsmallc.a(lib_a-exit.o)
                                        0x1d6 (size before relaxing)
 .debug_str     0x000000000000210c       0x41 d:/intelfpga_lite/16.1/nios2eds/bin/gnu/h-x86_64-mingw32/bin/../lib/gcc/nios2-elf/5.3.0/../../../../../H-x86_64-mingw32/nios2-elf/lib\libsmallc.a(lib_a-memcmp.o)
                                        0x1c5 (size before relaxing)
 .debug_str     0x000000000000214d       0x55 d:/intelfpga_lite/16.1/nios2eds/bin/gnu/h-x86_64-mingw32/bin/../lib/gcc/nios2-elf/5.3.0/../../../../../H-x86_64-mingw32/nios2-elf/lib\libsmallc.a(lib_a-memcpy.o)
                                        0x1d9 (size before relaxing)
 .debug_str     0x00000000000021a2       0x4b d:/intelfpga_lite/16.1/nios2eds/bin/gnu/h-x86_64-mingw32/bin/../lib/gcc/nios2-elf/5.3.0/../../../../../H-x86_64-mingw32/nios2-elf/lib\libsmallc.a(lib_a-putc.o)
                                        0x4b1 (size before relaxing)
 .debug_str     0x00000000000021ed       0x3c d:/intelfpga_lite/16.1/nios2eds/bin/gnu/h-x86_64-mingw32/bin/../lib/gcc/nios2-elf/5.3.0/../../../../../H-x86_64-mingw32/nios2-elf/lib\libsmallc.a(lib_a-__atexit.o)
                                        0x4e5 (size before relaxing)
 .debug_str     0x0000000000002229       0x5a d:/intelfpga_lite/16.1/nios2eds/bin/gnu/h-x86_64-mingw32/bin/../lib/gcc/nios2-elf/5.3.0/../../../../../H-x86_64-mingw32/nios2-elf/lib\libsmallc.a(lib_a-__call_atexit.o)
                                        0x4d1 (size before relaxing)
 .debug_str     0x0000000000002283       0x2a ../airhockey_bsp/\libhal_bsp.a(alt_exit.o)
                                        0x166 (size before relaxing)

.debug_loc      0x0000000000000000      0x85a
 *(.debug_loc)
 .debug_loc     0x0000000000000000       0x97 d:/intelfpga_lite/16.1/nios2eds/bin/gnu/h-x86_64-mingw32/bin/../lib/gcc/nios2-elf/5.3.0/../../../../../H-x86_64-mingw32/nios2-elf/lib\libsmallc.a(lib_a-puts.o)
 .debug_loc     0x0000000000000097       0x1e d:/intelfpga_lite/16.1/nios2eds/bin/gnu/h-x86_64-mingw32/bin/../lib/gcc/nios2-elf/5.3.0/../../../../../H-x86_64-mingw32/nios2-elf/lib\libsmallc.a(lib_a-strlen.o)
 .debug_loc     0x00000000000000b5      0x110 d:/intelfpga_lite/16.1/nios2eds/bin/gnu/h-x86_64-mingw32/bin/../lib/gcc/nios2-elf/5.3.0/../../../../../H-x86_64-mingw32/nios2-elf/lib\libsmallc.a(lib_a-fvwrite_small_dev.o)
 .debug_loc     0x00000000000001c5       0xa5 d:/intelfpga_lite/16.1/nios2eds/bin/gnu/h-x86_64-mingw32/bin/../lib/gcc/nios2-elf/5.3.0/../../../../../H-x86_64-mingw32/nios2-elf/lib\libsmallc.a(lib_a-writer.o)
 .debug_loc     0x000000000000026a       0x2c d:/intelfpga_lite/16.1/nios2eds/bin/gnu/h-x86_64-mingw32/bin/../lib/gcc/nios2-elf/5.3.0/../../../../../H-x86_64-mingw32/nios2-elf/lib\libsmallc.a(lib_a-atexit.o)
 .debug_loc     0x0000000000000296       0x1e d:/intelfpga_lite/16.1/nios2eds/bin/gnu/h-x86_64-mingw32/bin/../lib/gcc/nios2-elf/5.3.0/../../../../../H-x86_64-mingw32/nios2-elf/lib\libsmallc.a(lib_a-exit.o)
 .debug_loc     0x00000000000002b4       0x94 d:/intelfpga_lite/16.1/nios2eds/bin/gnu/h-x86_64-mingw32/bin/../lib/gcc/nios2-elf/5.3.0/../../../../../H-x86_64-mingw32/nios2-elf/lib\libsmallc.a(lib_a-memcmp.o)
 .debug_loc     0x0000000000000348      0x135 d:/intelfpga_lite/16.1/nios2eds/bin/gnu/h-x86_64-mingw32/bin/../lib/gcc/nios2-elf/5.3.0/../../../../../H-x86_64-mingw32/nios2-elf/lib\libsmallc.a(lib_a-memcpy.o)
 .debug_loc     0x000000000000047d       0xc6 d:/intelfpga_lite/16.1/nios2eds/bin/gnu/h-x86_64-mingw32/bin/../lib/gcc/nios2-elf/5.3.0/../../../../../H-x86_64-mingw32/nios2-elf/lib\libsmallc.a(lib_a-putc.o)
 .debug_loc     0x0000000000000543      0x1c0 d:/intelfpga_lite/16.1/nios2eds/bin/gnu/h-x86_64-mingw32/bin/../lib/gcc/nios2-elf/5.3.0/../../../../../H-x86_64-mingw32/nios2-elf/lib\libsmallc.a(lib_a-__atexit.o)
 .debug_loc     0x0000000000000703      0x157 d:/intelfpga_lite/16.1/nios2eds/bin/gnu/h-x86_64-mingw32/bin/../lib/gcc/nios2-elf/5.3.0/../../../../../H-x86_64-mingw32/nios2-elf/lib\libsmallc.a(lib_a-__call_atexit.o)

.debug_macinfo
 *(.debug_macinfo)

.debug_weaknames
 *(.debug_weaknames)

.debug_funcnames
 *(.debug_funcnames)

.debug_typenames